[2.036s] DEBUG:colcon:Command line arguments: ['/usr/bin/colcon', 'build', '--packages-select', 'aws_robomaker_small_warehouse_world']
[2.038s] DEBUG:colcon:Parsed command line arguments: Namespace(log_base=None, log_level=None, verb_name='build', build_base='build', install_base='install', merge_install=False, symlink_install=False, test_result_base=None, continue_on_error=False, executor='parallel', parallel_workers=16, event_handlers=None, ignore_user_meta=False, metas=['./colcon.meta'], base_paths=['.'], packages_ignore=None, packages_ignore_regex=None, paths=None, packages_up_to=None, packages_up_to_regex=None, packages_above=None, packages_above_and_dependencies=None, packages_above_depth=None, packages_select_by_dep=None, packages_skip_by_dep=None, packages_skip_up_to=None, packages_select_build_failed=False, packages_skip_build_finished=False, packages_select_test_failures=False, packages_skip_test_passed=False, packages_select=['aws_robomaker_small_warehouse_world'], packages_skip=None, packages_select_regex=None, packages_skip_regex=None, packages_start=None, packages_end=None, allow_overriding=[], cmake_args=None, cmake_target=None, cmake_target_skip_unavailable=False, cmake_clean_cache=False, cmake_clean_first=False, cmake_force_configure=False, ament_cmake_args=None, catkin_cmake_args=None, catkin_skip_building_tests=False, verb_parser=<colcon_defaults.argument_parser.defaults.DefaultArgumentsDecorator object at 0x7bb6a63d32b0>, verb_extension=<colcon_core.verb.build.BuildVerb object at 0x7bb6a6590d30>, main=<bound method BuildVerb.main of <colcon_core.verb.build.BuildVerb object at 0x7bb6a6590d30>>)
[5.388s] Level 1:colcon.colcon_core.package_discovery:discover_packages(colcon_meta) check parameters
[5.390s] Level 1:colcon.colcon_core.package_discovery:discover_packages(recursive) check parameters
[5.429s] Level 1:colcon.colcon_core.package_discovery:discover_packages(ignore) check parameters
[5.430s] Level 1:colcon.colcon_core.package_discovery:discover_packages(path) check parameters
[5.431s] Level 1:colcon.colcon_core.package_discovery:discover_packages(colcon_meta) discover
[5.432s] Level 1:colcon.colcon_core.package_discovery:discover_packages(recursive) discover
[5.433s] INFO:colcon.colcon_core.package_discovery:Crawling recursively for packages in '/home/ambushee/wil_project/aws-robomaker-small-warehouse-world'
[5.435s] Level 1:colcon.colcon_core.package_identification:_identify(.) by extensions ['ignore', 'ignore_ament_install']
[5.438s] Level 1:colcon.colcon_core.package_identification:_identify(.) by extension 'ignore'
[5.439s] Level 1:colcon.colcon_core.package_identification:_identify(.) by extension 'ignore_ament_install'
[5.440s] Level 1:colcon.colcon_core.package_identification:_identify(.) by extensions ['colcon_pkg']
[5.441s] Level 1:colcon.colcon_core.package_identification:_identify(.) by extension 'colcon_pkg'
[5.442s] Level 1:colcon.colcon_core.package_identification:_identify(.) by extensions ['colcon_meta']
[5.442s] Level 1:colcon.colcon_core.package_identification:_identify(.) by extension 'colcon_meta'
[5.444s] Level 1:colcon.colcon_core.package_identification:_identify(.) by extensions ['ros']
[5.444s] Level 1:colcon.colcon_core.package_identification:_identify(.) by extension 'ros'
[6.047s] DEBUG:colcon.colcon_core.package_identification:Package '.' with type 'ros.ament_cmake' and name 'aws_robomaker_small_warehouse_world'
[6.048s] Level 1:colcon.colcon_core.package_discovery:discover_packages(recursive) using defaults
[6.049s] Level 1:colcon.colcon_core.package_discovery:discover_packages(ignore) discover
[6.049s] Level 1:colcon.colcon_core.package_discovery:discover_packages(ignore) using defaults
[6.050s] Level 1:colcon.colcon_core.package_discovery:discover_packages(path) discover
[6.050s] Level 1:colcon.colcon_core.package_discovery:discover_packages(path) using defaults
[6.366s] Level 1:colcon.colcon_core.package_discovery:discover_packages(prefix_path) check parameters
[6.367s] Level 1:colcon.colcon_core.package_discovery:discover_packages(prefix_path) discover
[6.397s] DEBUG:colcon.colcon_installed_package_information.package_discovery:Found 3 installed packages in /home/ambushee/wil_project/install
[6.404s] DEBUG:colcon.colcon_installed_package_information.package_discovery:Found 7 installed packages in /home/ambushee/fixposition_driver/install
[6.410s] DEBUG:colcon.colcon_installed_package_information.package_discovery:Found 2 installed packages in /home/ambushee/ros2_ws/install
[6.431s] DEBUG:colcon.colcon_installed_package_information.package_discovery:Found 364 installed packages in /opt/ros/humble
[6.468s] Level 1:colcon.colcon_core.package_discovery:discover_packages(prefix_path) using defaults
[7.159s] Level 5:colcon.colcon_core.verb:set package 'aws_robomaker_small_warehouse_world' build argument 'cmake_args' from command line to 'None'
[7.161s] Level 5:colcon.colcon_core.verb:set package 'aws_robomaker_small_warehouse_world' build argument 'cmake_target' from command line to 'None'
[7.161s] Level 5:colcon.colcon_core.verb:set package 'aws_robomaker_small_warehouse_world' build argument 'cmake_target_skip_unavailable' from command line to 'False'
[7.162s] Level 5:colcon.colcon_core.verb:set package 'aws_robomaker_small_warehouse_world' build argument 'cmake_clean_cache' from command line to 'False'
[7.162s] Level 5:colcon.colcon_core.verb:set package 'aws_robomaker_small_warehouse_world' build argument 'cmake_clean_first' from command line to 'False'
[7.162s] Level 5:colcon.colcon_core.verb:set package 'aws_robomaker_small_warehouse_world' build argument 'cmake_force_configure' from command line to 'False'
[7.163s] Level 5:colcon.colcon_core.verb:set package 'aws_robomaker_small_warehouse_world' build argument 'ament_cmake_args' from command line to 'None'
[7.163s] Level 5:colcon.colcon_core.verb:set package 'aws_robomaker_small_warehouse_world' build argument 'catkin_cmake_args' from command line to 'None'
[7.164s] Level 5:colcon.colcon_core.verb:set package 'aws_robomaker_small_warehouse_world' build argument 'catkin_skip_building_tests' from command line to 'False'
[7.164s] DEBUG:colcon.colcon_core.verb:Building package 'aws_robomaker_small_warehouse_world' with the following arguments: {'ament_cmake_args': None, 'build_base': '/home/ambushee/wil_project/aws-robomaker-small-warehouse-world/build/aws_robomaker_small_warehouse_world', 'catkin_cmake_args': None, 'catkin_skip_building_tests': False, 'cmake_args': None, 'cmake_clean_cache': False, 'cmake_clean_first': False, 'cmake_force_configure': False, 'cmake_target': None, 'cmake_target_skip_unavailable': False, 'install_base': '/home/ambushee/wil_project/aws-robomaker-small-warehouse-world/install/aws_robomaker_small_warehouse_world', 'merge_install': False, 'path': '/home/ambushee/wil_project/aws-robomaker-small-warehouse-world', 'symlink_install': False, 'test_result_base': None}
[7.167s] INFO:colcon.colcon_core.executor:Executing jobs using 'parallel' executor
[7.189s] DEBUG:colcon.colcon_parallel_executor.executor.parallel:run_until_complete
[7.193s] INFO:colcon.colcon_ros.task.ament_cmake.build:Building ROS package in '/home/ambushee/wil_project/aws-robomaker-small-warehouse-world' with build type 'ament_cmake'
[7.197s] INFO:colcon.colcon_cmake.task.cmake.build:Building CMake package in '/home/ambushee/wil_project/aws-robomaker-small-warehouse-world'
[7.235s] INFO:colcon.colcon_core.plugin_system:Skipping extension 'colcon_core.shell.bat': Not used on non-Windows systems
[7.240s] INFO:colcon.colcon_core.shell:Skip shell extension 'powershell' for command environment: Not usable outside of PowerShell
[7.241s] DEBUG:colcon.colcon_core.shell:Skip shell extension 'dsv' for command environment
[7.437s] DEBUG:colcon.colcon_core.event_handler.log_command:Invoking command in '/home/ambushee/wil_project/aws-robomaker-small-warehouse-world/build/aws_robomaker_small_warehouse_world': CMAKE_PREFIX_PATH=${CMAKE_PREFIX_PATH}:/home/ambushee/wil_project/install/realsense_imu:/opt/ros/humble /usr/bin/cmake /home/ambushee/wil_project/aws-robomaker-small-warehouse-world -DCMAKE_INSTALL_PREFIX=/home/ambushee/wil_project/aws-robomaker-small-warehouse-world/install/aws_robomaker_small_warehouse_world
[18.611s] DEBUG:colcon.colcon_core.event_handler.log_command:Invoked command in '/home/ambushee/wil_project/aws-robomaker-small-warehouse-world/build/aws_robomaker_small_warehouse_world' returned '0': CMAKE_PREFIX_PATH=${CMAKE_PREFIX_PATH}:/home/ambushee/wil_project/install/realsense_imu:/opt/ros/humble /usr/bin/cmake /home/ambushee/wil_project/aws-robomaker-small-warehouse-world -DCMAKE_INSTALL_PREFIX=/home/ambushee/wil_project/aws-robomaker-small-warehouse-world/install/aws_robomaker_small_warehouse_world
[18.649s] DEBUG:colcon.colcon_core.event_handler.log_command:Invoking command in '/home/ambushee/wil_project/aws-robomaker-small-warehouse-world/build/aws_robomaker_small_warehouse_world': CMAKE_PREFIX_PATH=${CMAKE_PREFIX_PATH}:/home/ambushee/wil_project/install/realsense_imu:/opt/ros/humble /usr/bin/cmake --build /home/ambushee/wil_project/aws-robomaker-small-warehouse-world/build/aws_robomaker_small_warehouse_world -- -j16 -l16
[19.249s] DEBUG:colcon.colcon_core.event_handler.log_command:Invoked command in '/home/ambushee/wil_project/aws-robomaker-small-warehouse-world/build/aws_robomaker_small_warehouse_world' returned '0': CMAKE_PREFIX_PATH=${CMAKE_PREFIX_PATH}:/home/ambushee/wil_project/install/realsense_imu:/opt/ros/humble /usr/bin/cmake --build /home/ambushee/wil_project/aws-robomaker-small-warehouse-world/build/aws_robomaker_small_warehouse_world -- -j16 -l16
[19.464s] DEBUG:colcon.colcon_core.event_handler.log_command:Invoking command in '/home/ambushee/wil_project/aws-robomaker-small-warehouse-world/build/aws_robomaker_small_warehouse_world': CMAKE_PREFIX_PATH=${CMAKE_PREFIX_PATH}:/home/ambushee/wil_project/install/realsense_imu:/opt/ros/humble /usr/bin/cmake --install /home/ambushee/wil_project/aws-robomaker-small-warehouse-world/build/aws_robomaker_small_warehouse_world
[20.026s] Level 1:colcon.colcon_core.environment:create_environment_scripts_only(aws_robomaker_small_warehouse_world)
[20.035s] DEBUG:colcon.colcon_core.event_handler.log_command:Invoked command in '/home/ambushee/wil_project/aws-robomaker-small-warehouse-world/build/aws_robomaker_small_warehouse_world' returned '0': CMAKE_PREFIX_PATH=${CMAKE_PREFIX_PATH}:/home/ambushee/wil_project/install/realsense_imu:/opt/ros/humble /usr/bin/cmake --install /home/ambushee/wil_project/aws-robomaker-small-warehouse-world/build/aws_robomaker_small_warehouse_world
[20.068s] Level 1:colcon.colcon_core.environment:checking '/home/ambushee/wil_project/aws-robomaker-small-warehouse-world/install/aws_robomaker_small_warehouse_world' for CMake module files
[20.074s] Level 1:colcon.colcon_core.environment:checking '/home/ambushee/wil_project/aws-robomaker-small-warehouse-world/install/aws_robomaker_small_warehouse_world' for CMake config files
[20.090s] Level 1:colcon.colcon_core.shell:create_environment_hook('aws_robomaker_small_warehouse_world', 'cmake_prefix_path')
[20.094s] INFO:colcon.colcon_core.shell:Creating environment hook '/home/ambushee/wil_project/aws-robomaker-small-warehouse-world/install/aws_robomaker_small_warehouse_world/share/aws_robomaker_small_warehouse_world/hook/cmake_prefix_path.ps1'
[20.104s] INFO:colcon.colcon_core.shell:Creating environment descriptor '/home/ambushee/wil_project/aws-robomaker-small-warehouse-world/install/aws_robomaker_small_warehouse_world/share/aws_robomaker_small_warehouse_world/hook/cmake_prefix_path.dsv'
[20.111s] INFO:colcon.colcon_core.shell:Creating environment hook '/home/ambushee/wil_project/aws-robomaker-small-warehouse-world/install/aws_robomaker_small_warehouse_world/share/aws_robomaker_small_warehouse_world/hook/cmake_prefix_path.sh'
[20.127s] Level 1:colcon.colcon_core.environment:checking '/home/ambushee/wil_project/aws-robomaker-small-warehouse-world/install/aws_robomaker_small_warehouse_world/bin'
[20.128s] Level 1:colcon.colcon_core.environment:checking '/home/ambushee/wil_project/aws-robomaker-small-warehouse-world/install/aws_robomaker_small_warehouse_world/lib/pkgconfig/aws_robomaker_small_warehouse_world.pc'
[20.131s] Level 1:colcon.colcon_core.environment:checking '/home/ambushee/wil_project/aws-robomaker-small-warehouse-world/install/aws_robomaker_small_warehouse_world/lib/python3.10/site-packages'
[20.136s] Level 1:colcon.colcon_core.environment:checking '/home/ambushee/wil_project/aws-robomaker-small-warehouse-world/install/aws_robomaker_small_warehouse_world/bin'
[20.140s] INFO:colcon.colcon_core.shell:Creating package script '/home/ambushee/wil_project/aws-robomaker-small-warehouse-world/install/aws_robomaker_small_warehouse_world/share/aws_robomaker_small_warehouse_world/package.ps1'
[20.152s] INFO:colcon.colcon_core.shell:Creating package descriptor '/home/ambushee/wil_project/aws-robomaker-small-warehouse-world/install/aws_robomaker_small_warehouse_world/share/aws_robomaker_small_warehouse_world/package.dsv'
[20.160s] INFO:colcon.colcon_core.shell:Creating package script '/home/ambushee/wil_project/aws-robomaker-small-warehouse-world/install/aws_robomaker_small_warehouse_world/share/aws_robomaker_small_warehouse_world/package.sh'
[20.171s] INFO:colcon.colcon_core.shell:Creating package script '/home/ambushee/wil_project/aws-robomaker-small-warehouse-world/install/aws_robomaker_small_warehouse_world/share/aws_robomaker_small_warehouse_world/package.bash'
[20.180s] INFO:colcon.colcon_core.shell:Creating package script '/home/ambushee/wil_project/aws-robomaker-small-warehouse-world/install/aws_robomaker_small_warehouse_world/share/aws_robomaker_small_warehouse_world/package.zsh'
[20.190s] Level 1:colcon.colcon_core.environment:create_file_with_runtime_dependencies(/home/ambushee/wil_project/aws-robomaker-small-warehouse-world/install/aws_robomaker_small_warehouse_world/share/colcon-core/packages/aws_robomaker_small_warehouse_world)
[20.198s] Level 1:colcon.colcon_core.environment:create_environment_scripts_only(aws_robomaker_small_warehouse_world)
[20.202s] Level 1:colcon.colcon_core.environment:checking '/home/ambushee/wil_project/aws-robomaker-small-warehouse-world/install/aws_robomaker_small_warehouse_world' for CMake module files
[20.208s] Level 1:colcon.colcon_core.environment:checking '/home/ambushee/wil_project/aws-robomaker-small-warehouse-world/install/aws_robomaker_small_warehouse_world' for CMake config files
[20.225s] Level 1:colcon.colcon_core.shell:create_environment_hook('aws_robomaker_small_warehouse_world', 'cmake_prefix_path')
[20.230s] INFO:colcon.colcon_core.shell:Creating environment hook '/home/ambushee/wil_project/aws-robomaker-small-warehouse-world/install/aws_robomaker_small_warehouse_world/share/aws_robomaker_small_warehouse_world/hook/cmake_prefix_path.ps1'
[20.239s] INFO:colcon.colcon_core.shell:Creating environment descriptor '/home/ambushee/wil_project/aws-robomaker-small-warehouse-world/install/aws_robomaker_small_warehouse_world/share/aws_robomaker_small_warehouse_world/hook/cmake_prefix_path.dsv'
[20.245s] INFO:colcon.colcon_core.shell:Creating environment hook '/home/ambushee/wil_project/aws-robomaker-small-warehouse-world/install/aws_robomaker_small_warehouse_world/share/aws_robomaker_small_warehouse_world/hook/cmake_prefix_path.sh'
[20.257s] Level 1:colcon.colcon_core.environment:checking '/home/ambushee/wil_project/aws-robomaker-small-warehouse-world/install/aws_robomaker_small_warehouse_world/bin'
[20.259s] Level 1:colcon.colcon_core.environment:checking '/home/ambushee/wil_project/aws-robomaker-small-warehouse-world/install/aws_robomaker_small_warehouse_world/lib/pkgconfig/aws_robomaker_small_warehouse_world.pc'
[20.264s] Level 1:colcon.colcon_core.environment:checking '/home/ambushee/wil_project/aws-robomaker-small-warehouse-world/install/aws_robomaker_small_warehouse_world/lib/python3.10/site-packages'
[20.271s] Level 1:colcon.colcon_core.environment:checking '/home/ambushee/wil_project/aws-robomaker-small-warehouse-world/install/aws_robomaker_small_warehouse_world/bin'
[20.277s] INFO:colcon.colcon_core.shell:Creating package script '/home/ambushee/wil_project/aws-robomaker-small-warehouse-world/install/aws_robomaker_small_warehouse_world/share/aws_robomaker_small_warehouse_world/package.ps1'
[20.288s] INFO:colcon.colcon_core.shell:Creating package descriptor '/home/ambushee/wil_project/aws-robomaker-small-warehouse-world/install/aws_robomaker_small_warehouse_world/share/aws_robomaker_small_warehouse_world/package.dsv'
[20.296s] INFO:colcon.colcon_core.shell:Creating package script '/home/ambushee/wil_project/aws-robomaker-small-warehouse-world/install/aws_robomaker_small_warehouse_world/share/aws_robomaker_small_warehouse_world/package.sh'
[20.304s] INFO:colcon.colcon_core.shell:Creating package script '/home/ambushee/wil_project/aws-robomaker-small-warehouse-world/install/aws_robomaker_small_warehouse_world/share/aws_robomaker_small_warehouse_world/package.bash'
[20.314s] INFO:colcon.colcon_core.shell:Creating package script '/home/ambushee/wil_project/aws-robomaker-small-warehouse-world/install/aws_robomaker_small_warehouse_world/share/aws_robomaker_small_warehouse_world/package.zsh'
[20.327s] Level 1:colcon.colcon_core.environment:create_file_with_runtime_dependencies(/home/ambushee/wil_project/aws-robomaker-small-warehouse-world/install/aws_robomaker_small_warehouse_world/share/colcon-core/packages/aws_robomaker_small_warehouse_world)
[20.333s] DEBUG:colcon.colcon_parallel_executor.executor.parallel:closing loop
[20.343s] DEBUG:colcon.colcon_parallel_executor.executor.parallel:loop closed
[20.344s] DEBUG:colcon.colcon_parallel_executor.executor.parallel:run_until_complete finished with '0'
[20.346s] DEBUG:colcon.colcon_core.event_reactor:joining thread
[20.453s] INFO:colcon.colcon_core.plugin_system:Skipping extension 'colcon_notification.desktop_notification.terminal_notifier': Not used on non-Darwin systems
[20.456s] INFO:colcon.colcon_core.plugin_system:Skipping extension 'colcon_notification.desktop_notification.win32': Not used on non-Windows systems
[20.457s] INFO:colcon.colcon_notification.desktop_notification:Sending desktop notification using 'notify2'
[20.677s] DEBUG:colcon.colcon_core.event_reactor:joined thread
[20.681s] INFO:colcon.colcon_core.shell:Creating prefix script '/home/ambushee/wil_project/aws-robomaker-small-warehouse-world/install/local_setup.ps1'
[20.700s] INFO:colcon.colcon_core.shell:Creating prefix util module '/home/ambushee/wil_project/aws-robomaker-small-warehouse-world/install/_local_setup_util_ps1.py'
[20.713s] INFO:colcon.colcon_core.shell:Creating prefix chain script '/home/ambushee/wil_project/aws-robomaker-small-warehouse-world/install/setup.ps1'
[20.720s] INFO:colcon.colcon_core.shell:Creating prefix script '/home/ambushee/wil_project/aws-robomaker-small-warehouse-world/install/local_setup.sh'
[20.724s] INFO:colcon.colcon_core.shell:Creating prefix util module '/home/ambushee/wil_project/aws-robomaker-small-warehouse-world/install/_local_setup_util_sh.py'
[20.726s] INFO:colcon.colcon_core.shell:Creating prefix chain script '/home/ambushee/wil_project/aws-robomaker-small-warehouse-world/install/setup.sh'
[20.733s] INFO:colcon.colcon_core.shell:Creating prefix script '/home/ambushee/wil_project/aws-robomaker-small-warehouse-world/install/local_setup.bash'
[20.735s] INFO:colcon.colcon_core.shell:Creating prefix chain script '/home/ambushee/wil_project/aws-robomaker-small-warehouse-world/install/setup.bash'
[20.742s] INFO:colcon.colcon_core.shell:Creating prefix script '/home/ambushee/wil_project/aws-robomaker-small-warehouse-world/install/local_setup.zsh'
[20.744s] INFO:colcon.colcon_core.shell:Creating prefix chain script '/home/ambushee/wil_project/aws-robomaker-small-warehouse-world/install/setup.zsh'
