-- The C compiler identification is GNU 11.4.0
-- The CXX compiler identification is GNU 11.4.0
-- Detecting C compiler ABI info
-- Detecting C compiler ABI info - done
-- Check for working C compiler: /usr/bin/cc - skipped
-- Detecting C compile features
-- Detecting C compile features - done
-- Detecting CXX compiler ABI info
-- Detecting CXX compiler ABI info - done
-- Check for working CXX compiler: /usr/bin/c++ - skipped
-- Detecting CXX compile features
-- Detecting CXX compile features - done
-- Found ament_cmake: 1.3.13 (/opt/ros/humble/share/ament_cmake/cmake)
-- Found Python3: /usr/bin/python3 (found version "3.10.12") found components: Interpreter 
-- Configuring done
-- Generating done
-- Build files have been written to: /home/ambushee/wil_project/aws-robomaker-small-warehouse-world/build/aws_robomaker_small_warehouse_world
-- Install configuration: ""
-- Installing: /home/ambushee/wil_project/aws-robomaker-small-warehouse-world/install/aws_robomaker_small_warehouse_world/share/aws_robomaker_small_warehouse_world/launch
-- Installing: /home/ambushee/wil_project/aws-robomaker-small-warehouse-world/install/aws_robomaker_small_warehouse_world/share/aws_robomaker_small_warehouse_world/launch/small_warehouse.launch.py
-- Installing: /home/ambushee/wil_project/aws-robomaker-small-warehouse-world/install/aws_robomaker_small_warehouse_world/share/aws_robomaker_small_warehouse_world/launch/no_roof_small_warehouse.launch.py
-- Installing: /home/ambushee/wil_project/aws-robomaker-small-warehouse-world/install/aws_robomaker_small_warehouse_world/share/aws_robomaker_small_warehouse_world/models
-- Installing: /home/ambushee/wil_project/aws-robomaker-small-warehouse-world/install/aws_robomaker_small_warehouse_world/share/aws_robomaker_small_warehouse_world/models/aws_robomaker_warehouse_WallB_01
-- Installing: /home/ambushee/wil_project/aws-robomaker-small-warehouse-world/install/aws_robomaker_small_warehouse_world/share/aws_robomaker_small_warehouse_world/models/aws_robomaker_warehouse_WallB_01/model.sdf
-- Installing: /home/ambushee/wil_project/aws-robomaker-small-warehouse-world/install/aws_robomaker_small_warehouse_world/share/aws_robomaker_small_warehouse_world/models/aws_robomaker_warehouse_WallB_01/meshes
-- Installing: /home/ambushee/wil_project/aws-robomaker-small-warehouse-world/install/aws_robomaker_small_warehouse_world/share/aws_robomaker_small_warehouse_world/models/aws_robomaker_warehouse_WallB_01/meshes/aws_robomaker_warehouse_WallB_01_visual.DAE
-- Installing: /home/ambushee/wil_project/aws-robomaker-small-warehouse-world/install/aws_robomaker_small_warehouse_world/share/aws_robomaker_small_warehouse_world/models/aws_robomaker_warehouse_WallB_01/meshes/aws_robomaker_warehouse_WallB_01_collision.DAE
-- Installing: /home/ambushee/wil_project/aws-robomaker-small-warehouse-world/install/aws_robomaker_small_warehouse_world/share/aws_robomaker_small_warehouse_world/models/aws_robomaker_warehouse_WallB_01/model.config
-- Installing: /home/ambushee/wil_project/aws-robomaker-small-warehouse-world/install/aws_robomaker_small_warehouse_world/share/aws_robomaker_small_warehouse_world/models/aws_robomaker_warehouse_WallB_01/materials
-- Installing: /home/ambushee/wil_project/aws-robomaker-small-warehouse-world/install/aws_robomaker_small_warehouse_world/share/aws_robomaker_small_warehouse_world/models/aws_robomaker_warehouse_WallB_01/materials/textures
-- Installing: /home/ambushee/wil_project/aws-robomaker-small-warehouse-world/install/aws_robomaker_small_warehouse_world/share/aws_robomaker_small_warehouse_world/models/aws_robomaker_warehouse_WallB_01/materials/textures/aws_robomaker_warehouse_WallB_01.png
-- Installing: /home/ambushee/wil_project/aws-robomaker-small-warehouse-world/install/aws_robomaker_small_warehouse_world/share/aws_robomaker_small_warehouse_world/models/aws_robomaker_warehouse_ClutteringC_01
-- Installing: /home/ambushee/wil_project/aws-robomaker-small-warehouse-world/install/aws_robomaker_small_warehouse_world/share/aws_robomaker_small_warehouse_world/models/aws_robomaker_warehouse_ClutteringC_01/model.sdf
-- Installing: /home/ambushee/wil_project/aws-robomaker-small-warehouse-world/install/aws_robomaker_small_warehouse_world/share/aws_robomaker_small_warehouse_world/models/aws_robomaker_warehouse_ClutteringC_01/meshes
-- Installing: /home/ambushee/wil_project/aws-robomaker-small-warehouse-world/install/aws_robomaker_small_warehouse_world/share/aws_robomaker_small_warehouse_world/models/aws_robomaker_warehouse_ClutteringC_01/meshes/aws_robomaker_warehouse_ClutteringC_01_collision.DAE
-- Installing: /home/ambushee/wil_project/aws-robomaker-small-warehouse-world/install/aws_robomaker_small_warehouse_world/share/aws_robomaker_small_warehouse_world/models/aws_robomaker_warehouse_ClutteringC_01/meshes/aws_robomaker_warehouse_ClutteringC_01_visual.DAE
-- Installing: /home/ambushee/wil_project/aws-robomaker-small-warehouse-world/install/aws_robomaker_small_warehouse_world/share/aws_robomaker_small_warehouse_world/models/aws_robomaker_warehouse_ClutteringC_01/model.config
-- Installing: /home/ambushee/wil_project/aws-robomaker-small-warehouse-world/install/aws_robomaker_small_warehouse_world/share/aws_robomaker_small_warehouse_world/models/aws_robomaker_warehouse_ClutteringC_01/materials
-- Installing: /home/ambushee/wil_project/aws-robomaker-small-warehouse-world/install/aws_robomaker_small_warehouse_world/share/aws_robomaker_small_warehouse_world/models/aws_robomaker_warehouse_ClutteringC_01/materials/textures
-- Installing: /home/ambushee/wil_project/aws-robomaker-small-warehouse-world/install/aws_robomaker_small_warehouse_world/share/aws_robomaker_small_warehouse_world/models/aws_robomaker_warehouse_ClutteringC_01/materials/textures/aws_robomaker_warehouse_ClutteringC_02.png
-- Installing: /home/ambushee/wil_project/aws-robomaker-small-warehouse-world/install/aws_robomaker_small_warehouse_world/share/aws_robomaker_small_warehouse_world/models/aws_robomaker_warehouse_ClutteringC_01/materials/textures/aws_robomaker_warehouse_ClutteringC_01.png
-- Installing: /home/ambushee/wil_project/aws-robomaker-small-warehouse-world/install/aws_robomaker_small_warehouse_world/share/aws_robomaker_small_warehouse_world/models/aws_robomaker_warehouse_Bucket_01
-- Installing: /home/ambushee/wil_project/aws-robomaker-small-warehouse-world/install/aws_robomaker_small_warehouse_world/share/aws_robomaker_small_warehouse_world/models/aws_robomaker_warehouse_Bucket_01/model.sdf
-- Installing: /home/ambushee/wil_project/aws-robomaker-small-warehouse-world/install/aws_robomaker_small_warehouse_world/share/aws_robomaker_small_warehouse_world/models/aws_robomaker_warehouse_Bucket_01/meshes
-- Installing: /home/ambushee/wil_project/aws-robomaker-small-warehouse-world/install/aws_robomaker_small_warehouse_world/share/aws_robomaker_small_warehouse_world/models/aws_robomaker_warehouse_Bucket_01/meshes/aws_robomaker_warehouse_Bucket_01_visual.DAE
-- Installing: /home/ambushee/wil_project/aws-robomaker-small-warehouse-world/install/aws_robomaker_small_warehouse_world/share/aws_robomaker_small_warehouse_world/models/aws_robomaker_warehouse_Bucket_01/meshes/aws_robomaker_warehouse_Bucket_01_collision.DAE
-- Installing: /home/ambushee/wil_project/aws-robomaker-small-warehouse-world/install/aws_robomaker_small_warehouse_world/share/aws_robomaker_small_warehouse_world/models/aws_robomaker_warehouse_Bucket_01/model.config
-- Installing: /home/ambushee/wil_project/aws-robomaker-small-warehouse-world/install/aws_robomaker_small_warehouse_world/share/aws_robomaker_small_warehouse_world/models/aws_robomaker_warehouse_Bucket_01/materials
-- Installing: /home/ambushee/wil_project/aws-robomaker-small-warehouse-world/install/aws_robomaker_small_warehouse_world/share/aws_robomaker_small_warehouse_world/models/aws_robomaker_warehouse_Bucket_01/materials/textures
-- Installing: /home/ambushee/wil_project/aws-robomaker-small-warehouse-world/install/aws_robomaker_small_warehouse_world/share/aws_robomaker_small_warehouse_world/models/aws_robomaker_warehouse_Bucket_01/materials/textures/aws_robomaker_warehouse_Bucket_01.png
-- Installing: /home/ambushee/wil_project/aws-robomaker-small-warehouse-world/install/aws_robomaker_small_warehouse_world/share/aws_robomaker_small_warehouse_world/models/aws_robomaker_warehouse_DeskC_01
-- Installing: /home/ambushee/wil_project/aws-robomaker-small-warehouse-world/install/aws_robomaker_small_warehouse_world/share/aws_robomaker_small_warehouse_world/models/aws_robomaker_warehouse_DeskC_01/model.sdf
-- Installing: /home/ambushee/wil_project/aws-robomaker-small-warehouse-world/install/aws_robomaker_small_warehouse_world/share/aws_robomaker_small_warehouse_world/models/aws_robomaker_warehouse_DeskC_01/meshes
-- Installing: /home/ambushee/wil_project/aws-robomaker-small-warehouse-world/install/aws_robomaker_small_warehouse_world/share/aws_robomaker_small_warehouse_world/models/aws_robomaker_warehouse_DeskC_01/meshes/aws_robomaker_warehouse_DeskC_01_visual.DAE
-- Installing: /home/ambushee/wil_project/aws-robomaker-small-warehouse-world/install/aws_robomaker_small_warehouse_world/share/aws_robomaker_small_warehouse_world/models/aws_robomaker_warehouse_DeskC_01/meshes/aws_robomaker_warehouse_DeskC_01_collision.DAE
-- Installing: /home/ambushee/wil_project/aws-robomaker-small-warehouse-world/install/aws_robomaker_small_warehouse_world/share/aws_robomaker_small_warehouse_world/models/aws_robomaker_warehouse_DeskC_01/model.config
-- Installing: /home/ambushee/wil_project/aws-robomaker-small-warehouse-world/install/aws_robomaker_small_warehouse_world/share/aws_robomaker_small_warehouse_world/models/aws_robomaker_warehouse_DeskC_01/materials
-- Installing: /home/ambushee/wil_project/aws-robomaker-small-warehouse-world/install/aws_robomaker_small_warehouse_world/share/aws_robomaker_small_warehouse_world/models/aws_robomaker_warehouse_DeskC_01/materials/textures
-- Installing: /home/ambushee/wil_project/aws-robomaker-small-warehouse-world/install/aws_robomaker_small_warehouse_world/share/aws_robomaker_small_warehouse_world/models/aws_robomaker_warehouse_DeskC_01/materials/textures/aws_robomaker_warehouse_DeskC_04.png
-- Installing: /home/ambushee/wil_project/aws-robomaker-small-warehouse-world/install/aws_robomaker_small_warehouse_world/share/aws_robomaker_small_warehouse_world/models/aws_robomaker_warehouse_DeskC_01/materials/textures/aws_robomaker_warehouse_DeskC_01.png
-- Installing: /home/ambushee/wil_project/aws-robomaker-small-warehouse-world/install/aws_robomaker_small_warehouse_world/share/aws_robomaker_small_warehouse_world/models/aws_robomaker_warehouse_DeskC_01/materials/textures/aws_robomaker_warehouse_DeskC_02.png
-- Installing: /home/ambushee/wil_project/aws-robomaker-small-warehouse-world/install/aws_robomaker_small_warehouse_world/share/aws_robomaker_small_warehouse_world/models/aws_robomaker_warehouse_DeskC_01/materials/textures/aws_robomaker_warehouse_DeskC_03.png
-- Installing: /home/ambushee/wil_project/aws-robomaker-small-warehouse-world/install/aws_robomaker_small_warehouse_world/share/aws_robomaker_small_warehouse_world/models/aws_robomaker_warehouse_RoofB_01
-- Installing: /home/ambushee/wil_project/aws-robomaker-small-warehouse-world/install/aws_robomaker_small_warehouse_world/share/aws_robomaker_small_warehouse_world/models/aws_robomaker_warehouse_RoofB_01/model.sdf
-- Installing: /home/ambushee/wil_project/aws-robomaker-small-warehouse-world/install/aws_robomaker_small_warehouse_world/share/aws_robomaker_small_warehouse_world/models/aws_robomaker_warehouse_RoofB_01/meshes
-- Installing: /home/ambushee/wil_project/aws-robomaker-small-warehouse-world/install/aws_robomaker_small_warehouse_world/share/aws_robomaker_small_warehouse_world/models/aws_robomaker_warehouse_RoofB_01/meshes/aws_robomaker_warehouse_RoofB_01_visual.DAE
-- Installing: /home/ambushee/wil_project/aws-robomaker-small-warehouse-world/install/aws_robomaker_small_warehouse_world/share/aws_robomaker_small_warehouse_world/models/aws_robomaker_warehouse_RoofB_01/meshes/aws_robomaker_warehouse_RoofB_01_collision.DAE
-- Installing: /home/ambushee/wil_project/aws-robomaker-small-warehouse-world/install/aws_robomaker_small_warehouse_world/share/aws_robomaker_small_warehouse_world/models/aws_robomaker_warehouse_RoofB_01/model.config
-- Installing: /home/ambushee/wil_project/aws-robomaker-small-warehouse-world/install/aws_robomaker_small_warehouse_world/share/aws_robomaker_small_warehouse_world/models/aws_robomaker_warehouse_RoofB_01/materials
-- Installing: /home/ambushee/wil_project/aws-robomaker-small-warehouse-world/install/aws_robomaker_small_warehouse_world/share/aws_robomaker_small_warehouse_world/models/aws_robomaker_warehouse_RoofB_01/materials/textures
-- Installing: /home/ambushee/wil_project/aws-robomaker-small-warehouse-world/install/aws_robomaker_small_warehouse_world/share/aws_robomaker_small_warehouse_world/models/aws_robomaker_warehouse_RoofB_01/materials/textures/aws_robomaker_warehouse_RoofB_01.png
-- Installing: /home/ambushee/wil_project/aws-robomaker-small-warehouse-world/install/aws_robomaker_small_warehouse_world/share/aws_robomaker_small_warehouse_world/models/aws_robomaker_warehouse_ClutteringA_01
-- Installing: /home/ambushee/wil_project/aws-robomaker-small-warehouse-world/install/aws_robomaker_small_warehouse_world/share/aws_robomaker_small_warehouse_world/models/aws_robomaker_warehouse_ClutteringA_01/model.sdf
-- Installing: /home/ambushee/wil_project/aws-robomaker-small-warehouse-world/install/aws_robomaker_small_warehouse_world/share/aws_robomaker_small_warehouse_world/models/aws_robomaker_warehouse_ClutteringA_01/meshes
-- Installing: /home/ambushee/wil_project/aws-robomaker-small-warehouse-world/install/aws_robomaker_small_warehouse_world/share/aws_robomaker_small_warehouse_world/models/aws_robomaker_warehouse_ClutteringA_01/meshes/aws_robomaker_warehouse_ClutteringA_01_collision.DAE
-- Installing: /home/ambushee/wil_project/aws-robomaker-small-warehouse-world/install/aws_robomaker_small_warehouse_world/share/aws_robomaker_small_warehouse_world/models/aws_robomaker_warehouse_ClutteringA_01/meshes/aws_robomaker_warehouse_ClutteringA_01_visual.DAE
-- Installing: /home/ambushee/wil_project/aws-robomaker-small-warehouse-world/install/aws_robomaker_small_warehouse_world/share/aws_robomaker_small_warehouse_world/models/aws_robomaker_warehouse_ClutteringA_01/model.config
-- Installing: /home/ambushee/wil_project/aws-robomaker-small-warehouse-world/install/aws_robomaker_small_warehouse_world/share/aws_robomaker_small_warehouse_world/models/aws_robomaker_warehouse_ClutteringA_01/materials
-- Installing: /home/ambushee/wil_project/aws-robomaker-small-warehouse-world/install/aws_robomaker_small_warehouse_world/share/aws_robomaker_small_warehouse_world/models/aws_robomaker_warehouse_ClutteringA_01/materials/textures
-- Installing: /home/ambushee/wil_project/aws-robomaker-small-warehouse-world/install/aws_robomaker_small_warehouse_world/share/aws_robomaker_small_warehouse_world/models/aws_robomaker_warehouse_ClutteringA_01/materials/textures/aws_robomaker_warehouse_ClutteringA_01.png
-- Installing: /home/ambushee/wil_project/aws-robomaker-small-warehouse-world/install/aws_robomaker_small_warehouse_world/share/aws_robomaker_small_warehouse_world/models/aws_robomaker_warehouse_ClutteringA_01/materials/textures/aws_robomaker_warehouse_ClutteringA_02.png
-- Installing: /home/ambushee/wil_project/aws-robomaker-small-warehouse-world/install/aws_robomaker_small_warehouse_world/share/aws_robomaker_small_warehouse_world/models/aws_robomaker_warehouse_ClutteringA_01/materials/textures/aws_robomaker_warehouse_ClutteringA_03.png
-- Installing: /home/ambushee/wil_project/aws-robomaker-small-warehouse-world/install/aws_robomaker_small_warehouse_world/share/aws_robomaker_small_warehouse_world/models/aws_robomaker_warehouse_ClutteringD_01
-- Installing: /home/ambushee/wil_project/aws-robomaker-small-warehouse-world/install/aws_robomaker_small_warehouse_world/share/aws_robomaker_small_warehouse_world/models/aws_robomaker_warehouse_ClutteringD_01/model.sdf
-- Installing: /home/ambushee/wil_project/aws-robomaker-small-warehouse-world/install/aws_robomaker_small_warehouse_world/share/aws_robomaker_small_warehouse_world/models/aws_robomaker_warehouse_ClutteringD_01/meshes
-- Installing: /home/ambushee/wil_project/aws-robomaker-small-warehouse-world/install/aws_robomaker_small_warehouse_world/share/aws_robomaker_small_warehouse_world/models/aws_robomaker_warehouse_ClutteringD_01/meshes/aws_robomaker_warehouse_ClutteringD_01_collision.DAE
-- Installing: /home/ambushee/wil_project/aws-robomaker-small-warehouse-world/install/aws_robomaker_small_warehouse_world/share/aws_robomaker_small_warehouse_world/models/aws_robomaker_warehouse_ClutteringD_01/meshes/aws_robomaker_warehouse_ClutteringD_01_visual.DAE
-- Installing: /home/ambushee/wil_project/aws-robomaker-small-warehouse-world/install/aws_robomaker_small_warehouse_world/share/aws_robomaker_small_warehouse_world/models/aws_robomaker_warehouse_ClutteringD_01/model.config
-- Installing: /home/ambushee/wil_project/aws-robomaker-small-warehouse-world/install/aws_robomaker_small_warehouse_world/share/aws_robomaker_small_warehouse_world/models/aws_robomaker_warehouse_ClutteringD_01/materials
-- Installing: /home/ambushee/wil_project/aws-robomaker-small-warehouse-world/install/aws_robomaker_small_warehouse_world/share/aws_robomaker_small_warehouse_world/models/aws_robomaker_warehouse_ClutteringD_01/materials/textures
-- Installing: /home/ambushee/wil_project/aws-robomaker-small-warehouse-world/install/aws_robomaker_small_warehouse_world/share/aws_robomaker_small_warehouse_world/models/aws_robomaker_warehouse_ClutteringD_01/materials/textures/aws_robomaker_warehouse_ClutteringD_01.png
-- Installing: /home/ambushee/wil_project/aws-robomaker-small-warehouse-world/install/aws_robomaker_small_warehouse_world/share/aws_robomaker_small_warehouse_world/models/aws_robomaker_warehouse_ClutteringD_01/materials/textures/aws_robomaker_warehouse_ClutteringD_02.png
-- Installing: /home/ambushee/wil_project/aws-robomaker-small-warehouse-world/install/aws_robomaker_small_warehouse_world/share/aws_robomaker_small_warehouse_world/models/aws_robomaker_warehouse_GroundB_01
-- Installing: /home/ambushee/wil_project/aws-robomaker-small-warehouse-world/install/aws_robomaker_small_warehouse_world/share/aws_robomaker_small_warehouse_world/models/aws_robomaker_warehouse_GroundB_01/model.sdf
-- Installing: /home/ambushee/wil_project/aws-robomaker-small-warehouse-world/install/aws_robomaker_small_warehouse_world/share/aws_robomaker_small_warehouse_world/models/aws_robomaker_warehouse_GroundB_01/meshes
-- Installing: /home/ambushee/wil_project/aws-robomaker-small-warehouse-world/install/aws_robomaker_small_warehouse_world/share/aws_robomaker_small_warehouse_world/models/aws_robomaker_warehouse_GroundB_01/meshes/aws_robomaker_warehouse_GroundB_01_visual.DAE
-- Installing: /home/ambushee/wil_project/aws-robomaker-small-warehouse-world/install/aws_robomaker_small_warehouse_world/share/aws_robomaker_small_warehouse_world/models/aws_robomaker_warehouse_GroundB_01/meshes/aws_robomaker_warehouse_GroundB_01_collision.DAE
-- Installing: /home/ambushee/wil_project/aws-robomaker-small-warehouse-world/install/aws_robomaker_small_warehouse_world/share/aws_robomaker_small_warehouse_world/models/aws_robomaker_warehouse_GroundB_01/model.config
-- Installing: /home/ambushee/wil_project/aws-robomaker-small-warehouse-world/install/aws_robomaker_small_warehouse_world/share/aws_robomaker_small_warehouse_world/models/aws_robomaker_warehouse_GroundB_01/materials
-- Installing: /home/ambushee/wil_project/aws-robomaker-small-warehouse-world/install/aws_robomaker_small_warehouse_world/share/aws_robomaker_small_warehouse_world/models/aws_robomaker_warehouse_GroundB_01/materials/textures
-- Installing: /home/ambushee/wil_project/aws-robomaker-small-warehouse-world/install/aws_robomaker_small_warehouse_world/share/aws_robomaker_small_warehouse_world/models/aws_robomaker_warehouse_GroundB_01/materials/textures/aws_robomaker_warehouse_GroundB_01.png
-- Installing: /home/ambushee/wil_project/aws-robomaker-small-warehouse-world/install/aws_robomaker_small_warehouse_world/share/aws_robomaker_small_warehouse_world/models/aws_robomaker_warehouse_GroundB_01/materials/textures/aws_robomaker_warehouse_GroundB_02.png
-- Installing: /home/ambushee/wil_project/aws-robomaker-small-warehouse-world/install/aws_robomaker_small_warehouse_world/share/aws_robomaker_small_warehouse_world/models/aws_robomaker_warehouse_Lamp_01
-- Installing: /home/ambushee/wil_project/aws-robomaker-small-warehouse-world/install/aws_robomaker_small_warehouse_world/share/aws_robomaker_small_warehouse_world/models/aws_robomaker_warehouse_Lamp_01/model.sdf
-- Installing: /home/ambushee/wil_project/aws-robomaker-small-warehouse-world/install/aws_robomaker_small_warehouse_world/share/aws_robomaker_small_warehouse_world/models/aws_robomaker_warehouse_Lamp_01/meshes
-- Installing: /home/ambushee/wil_project/aws-robomaker-small-warehouse-world/install/aws_robomaker_small_warehouse_world/share/aws_robomaker_small_warehouse_world/models/aws_robomaker_warehouse_Lamp_01/meshes/aws_robomaker_warehouse_Lamp_01_collision.DAE
-- Installing: /home/ambushee/wil_project/aws-robomaker-small-warehouse-world/install/aws_robomaker_small_warehouse_world/share/aws_robomaker_small_warehouse_world/models/aws_robomaker_warehouse_Lamp_01/meshes/aws_robomaker_warehouse_Lamp_01_visual.DAE
-- Installing: /home/ambushee/wil_project/aws-robomaker-small-warehouse-world/install/aws_robomaker_small_warehouse_world/share/aws_robomaker_small_warehouse_world/models/aws_robomaker_warehouse_Lamp_01/model.config
-- Installing: /home/ambushee/wil_project/aws-robomaker-small-warehouse-world/install/aws_robomaker_small_warehouse_world/share/aws_robomaker_small_warehouse_world/models/aws_robomaker_warehouse_Lamp_01/materials
-- Installing: /home/ambushee/wil_project/aws-robomaker-small-warehouse-world/install/aws_robomaker_small_warehouse_world/share/aws_robomaker_small_warehouse_world/models/aws_robomaker_warehouse_Lamp_01/materials/textures
-- Installing: /home/ambushee/wil_project/aws-robomaker-small-warehouse-world/install/aws_robomaker_small_warehouse_world/share/aws_robomaker_small_warehouse_world/models/aws_robomaker_warehouse_Lamp_01/materials/textures/aws_robomaker_warehouse_Lamp_01.png
-- Installing: /home/ambushee/wil_project/aws-robomaker-small-warehouse-world/install/aws_robomaker_small_warehouse_world/share/aws_robomaker_small_warehouse_world/models/aws_robomaker_warehouse_ShelfD_01
-- Installing: /home/ambushee/wil_project/aws-robomaker-small-warehouse-world/install/aws_robomaker_small_warehouse_world/share/aws_robomaker_small_warehouse_world/models/aws_robomaker_warehouse_ShelfD_01/model.sdf
-- Installing: /home/ambushee/wil_project/aws-robomaker-small-warehouse-world/install/aws_robomaker_small_warehouse_world/share/aws_robomaker_small_warehouse_world/models/aws_robomaker_warehouse_ShelfD_01/meshes
-- Installing: /home/ambushee/wil_project/aws-robomaker-small-warehouse-world/install/aws_robomaker_small_warehouse_world/share/aws_robomaker_small_warehouse_world/models/aws_robomaker_warehouse_ShelfD_01/meshes/aws_robomaker_warehouse_ShelfD_01_collision.DAE
-- Installing: /home/ambushee/wil_project/aws-robomaker-small-warehouse-world/install/aws_robomaker_small_warehouse_world/share/aws_robomaker_small_warehouse_world/models/aws_robomaker_warehouse_ShelfD_01/meshes/aws_robomaker_warehouse_ShelfD_01_visual.DAE
-- Installing: /home/ambushee/wil_project/aws-robomaker-small-warehouse-world/install/aws_robomaker_small_warehouse_world/share/aws_robomaker_small_warehouse_world/models/aws_robomaker_warehouse_ShelfD_01/model.config
-- Installing: /home/ambushee/wil_project/aws-robomaker-small-warehouse-world/install/aws_robomaker_small_warehouse_world/share/aws_robomaker_small_warehouse_world/models/aws_robomaker_warehouse_ShelfD_01/materials
-- Installing: /home/ambushee/wil_project/aws-robomaker-small-warehouse-world/install/aws_robomaker_small_warehouse_world/share/aws_robomaker_small_warehouse_world/models/aws_robomaker_warehouse_ShelfD_01/materials/textures
-- Installing: /home/ambushee/wil_project/aws-robomaker-small-warehouse-world/install/aws_robomaker_small_warehouse_world/share/aws_robomaker_small_warehouse_world/models/aws_robomaker_warehouse_ShelfD_01/materials/textures/aws_robomaker_warehouse_ShelfD_01.png
-- Installing: /home/ambushee/wil_project/aws-robomaker-small-warehouse-world/install/aws_robomaker_small_warehouse_world/share/aws_robomaker_small_warehouse_world/models/aws_robomaker_warehouse_ShelfD_01/materials/textures/aws_robomaker_warehouse_ShelfD_03.png
-- Installing: /home/ambushee/wil_project/aws-robomaker-small-warehouse-world/install/aws_robomaker_small_warehouse_world/share/aws_robomaker_small_warehouse_world/models/aws_robomaker_warehouse_ShelfD_01/materials/textures/aws_robomaker_warehouse_ShelfD_02.png
-- Installing: /home/ambushee/wil_project/aws-robomaker-small-warehouse-world/install/aws_robomaker_small_warehouse_world/share/aws_robomaker_small_warehouse_world/models/aws_robomaker_warehouse_ShelfD_01/materials/textures/aws_robomaker_warehouse_ShelfD_04.png
-- Installing: /home/ambushee/wil_project/aws-robomaker-small-warehouse-world/install/aws_robomaker_small_warehouse_world/share/aws_robomaker_small_warehouse_world/models/aws_robomaker_warehouse_ShelfF_01
-- Installing: /home/ambushee/wil_project/aws-robomaker-small-warehouse-world/install/aws_robomaker_small_warehouse_world/share/aws_robomaker_small_warehouse_world/models/aws_robomaker_warehouse_ShelfF_01/model.sdf
-- Installing: /home/ambushee/wil_project/aws-robomaker-small-warehouse-world/install/aws_robomaker_small_warehouse_world/share/aws_robomaker_small_warehouse_world/models/aws_robomaker_warehouse_ShelfF_01/meshes
-- Installing: /home/ambushee/wil_project/aws-robomaker-small-warehouse-world/install/aws_robomaker_small_warehouse_world/share/aws_robomaker_small_warehouse_world/models/aws_robomaker_warehouse_ShelfF_01/meshes/aws_robomaker_warehouse_ShelfF_01_visual.DAE
-- Installing: /home/ambushee/wil_project/aws-robomaker-small-warehouse-world/install/aws_robomaker_small_warehouse_world/share/aws_robomaker_small_warehouse_world/models/aws_robomaker_warehouse_ShelfF_01/meshes/aws_robomaker_warehouse_ShelfF_01_collision.DAE
-- Installing: /home/ambushee/wil_project/aws-robomaker-small-warehouse-world/install/aws_robomaker_small_warehouse_world/share/aws_robomaker_small_warehouse_world/models/aws_robomaker_warehouse_ShelfF_01/model.config
-- Installing: /home/ambushee/wil_project/aws-robomaker-small-warehouse-world/install/aws_robomaker_small_warehouse_world/share/aws_robomaker_small_warehouse_world/models/aws_robomaker_warehouse_ShelfF_01/materials
-- Installing: /home/ambushee/wil_project/aws-robomaker-small-warehouse-world/install/aws_robomaker_small_warehouse_world/share/aws_robomaker_small_warehouse_world/models/aws_robomaker_warehouse_ShelfF_01/materials/textures
-- Installing: /home/ambushee/wil_project/aws-robomaker-small-warehouse-world/install/aws_robomaker_small_warehouse_world/share/aws_robomaker_small_warehouse_world/models/aws_robomaker_warehouse_ShelfF_01/materials/textures/aws_robomaker_warehouse_ShelfF_02.png
-- Installing: /home/ambushee/wil_project/aws-robomaker-small-warehouse-world/install/aws_robomaker_small_warehouse_world/share/aws_robomaker_small_warehouse_world/models/aws_robomaker_warehouse_ShelfF_01/materials/textures/aws_robomaker_warehouse_ShelfF_01.png
-- Installing: /home/ambushee/wil_project/aws-robomaker-small-warehouse-world/install/aws_robomaker_small_warehouse_world/share/aws_robomaker_small_warehouse_world/models/aws_robomaker_warehouse_ShelfF_01/materials/textures/aws_robomaker_warehouse_ShelfF_03.png
-- Installing: /home/ambushee/wil_project/aws-robomaker-small-warehouse-world/install/aws_robomaker_small_warehouse_world/share/aws_robomaker_small_warehouse_world/models/aws_robomaker_warehouse_PalletJackB_01
-- Installing: /home/ambushee/wil_project/aws-robomaker-small-warehouse-world/install/aws_robomaker_small_warehouse_world/share/aws_robomaker_small_warehouse_world/models/aws_robomaker_warehouse_PalletJackB_01/model.sdf
-- Installing: /home/ambushee/wil_project/aws-robomaker-small-warehouse-world/install/aws_robomaker_small_warehouse_world/share/aws_robomaker_small_warehouse_world/models/aws_robomaker_warehouse_PalletJackB_01/meshes
-- Installing: /home/ambushee/wil_project/aws-robomaker-small-warehouse-world/install/aws_robomaker_small_warehouse_world/share/aws_robomaker_small_warehouse_world/models/aws_robomaker_warehouse_PalletJackB_01/meshes/aws_robomaker_warehouse_PalletJackB_01_collision.DAE
-- Installing: /home/ambushee/wil_project/aws-robomaker-small-warehouse-world/install/aws_robomaker_small_warehouse_world/share/aws_robomaker_small_warehouse_world/models/aws_robomaker_warehouse_PalletJackB_01/meshes/aws_robomaker_warehouse_PalletJackB_01_visual.DAE
-- Installing: /home/ambushee/wil_project/aws-robomaker-small-warehouse-world/install/aws_robomaker_small_warehouse_world/share/aws_robomaker_small_warehouse_world/models/aws_robomaker_warehouse_PalletJackB_01/model.config
-- Installing: /home/ambushee/wil_project/aws-robomaker-small-warehouse-world/install/aws_robomaker_small_warehouse_world/share/aws_robomaker_small_warehouse_world/models/aws_robomaker_warehouse_PalletJackB_01/materials
-- Installing: /home/ambushee/wil_project/aws-robomaker-small-warehouse-world/install/aws_robomaker_small_warehouse_world/share/aws_robomaker_small_warehouse_world/models/aws_robomaker_warehouse_PalletJackB_01/materials/textures
-- Installing: /home/ambushee/wil_project/aws-robomaker-small-warehouse-world/install/aws_robomaker_small_warehouse_world/share/aws_robomaker_small_warehouse_world/models/aws_robomaker_warehouse_PalletJackB_01/materials/textures/aws_robomaker_warehouse_PalletJackB_02.png
-- Installing: /home/ambushee/wil_project/aws-robomaker-small-warehouse-world/install/aws_robomaker_small_warehouse_world/share/aws_robomaker_small_warehouse_world/models/aws_robomaker_warehouse_PalletJackB_01/materials/textures/aws_robomaker_warehouse_PalletJackB_01.png
-- Installing: /home/ambushee/wil_project/aws-robomaker-small-warehouse-world/install/aws_robomaker_small_warehouse_world/share/aws_robomaker_small_warehouse_world/models/aws_robomaker_warehouse_TrashCanC_01
-- Installing: /home/ambushee/wil_project/aws-robomaker-small-warehouse-world/install/aws_robomaker_small_warehouse_world/share/aws_robomaker_small_warehouse_world/models/aws_robomaker_warehouse_TrashCanC_01/model.sdf
-- Installing: /home/ambushee/wil_project/aws-robomaker-small-warehouse-world/install/aws_robomaker_small_warehouse_world/share/aws_robomaker_small_warehouse_world/models/aws_robomaker_warehouse_TrashCanC_01/meshes
-- Installing: /home/ambushee/wil_project/aws-robomaker-small-warehouse-world/install/aws_robomaker_small_warehouse_world/share/aws_robomaker_small_warehouse_world/models/aws_robomaker_warehouse_TrashCanC_01/meshes/aws_robomaker_warehouse_TrashCanC_01_visual.DAE
-- Installing: /home/ambushee/wil_project/aws-robomaker-small-warehouse-world/install/aws_robomaker_small_warehouse_world/share/aws_robomaker_small_warehouse_world/models/aws_robomaker_warehouse_TrashCanC_01/meshes/aws_robomaker_warehouse_TrashCanC_01_collision.DAE
-- Installing: /home/ambushee/wil_project/aws-robomaker-small-warehouse-world/install/aws_robomaker_small_warehouse_world/share/aws_robomaker_small_warehouse_world/models/aws_robomaker_warehouse_TrashCanC_01/model.config
-- Installing: /home/ambushee/wil_project/aws-robomaker-small-warehouse-world/install/aws_robomaker_small_warehouse_world/share/aws_robomaker_small_warehouse_world/models/aws_robomaker_warehouse_TrashCanC_01/materials
-- Installing: /home/ambushee/wil_project/aws-robomaker-small-warehouse-world/install/aws_robomaker_small_warehouse_world/share/aws_robomaker_small_warehouse_world/models/aws_robomaker_warehouse_TrashCanC_01/materials/textures
-- Installing: /home/ambushee/wil_project/aws-robomaker-small-warehouse-world/install/aws_robomaker_small_warehouse_world/share/aws_robomaker_small_warehouse_world/models/aws_robomaker_warehouse_TrashCanC_01/materials/textures/aws_robomaker_warehouse_TrashCanC_01.png
-- Installing: /home/ambushee/wil_project/aws-robomaker-small-warehouse-world/install/aws_robomaker_small_warehouse_world/share/aws_robomaker_small_warehouse_world/models/aws_robomaker_warehouse_ShelfE_01
-- Installing: /home/ambushee/wil_project/aws-robomaker-small-warehouse-world/install/aws_robomaker_small_warehouse_world/share/aws_robomaker_small_warehouse_world/models/aws_robomaker_warehouse_ShelfE_01/model.sdf
-- Installing: /home/ambushee/wil_project/aws-robomaker-small-warehouse-world/install/aws_robomaker_small_warehouse_world/share/aws_robomaker_small_warehouse_world/models/aws_robomaker_warehouse_ShelfE_01/meshes
-- Installing: /home/ambushee/wil_project/aws-robomaker-small-warehouse-world/install/aws_robomaker_small_warehouse_world/share/aws_robomaker_small_warehouse_world/models/aws_robomaker_warehouse_ShelfE_01/meshes/aws_robomaker_warehouse_ShelfE_01_visual.DAE
-- Installing: /home/ambushee/wil_project/aws-robomaker-small-warehouse-world/install/aws_robomaker_small_warehouse_world/share/aws_robomaker_small_warehouse_world/models/aws_robomaker_warehouse_ShelfE_01/meshes/aws_robomaker_warehouse_ShelfE_01_collision.DAE
-- Installing: /home/ambushee/wil_project/aws-robomaker-small-warehouse-world/install/aws_robomaker_small_warehouse_world/share/aws_robomaker_small_warehouse_world/models/aws_robomaker_warehouse_ShelfE_01/model.config
-- Installing: /home/ambushee/wil_project/aws-robomaker-small-warehouse-world/install/aws_robomaker_small_warehouse_world/share/aws_robomaker_small_warehouse_world/models/aws_robomaker_warehouse_ShelfE_01/materials
-- Installing: /home/ambushee/wil_project/aws-robomaker-small-warehouse-world/install/aws_robomaker_small_warehouse_world/share/aws_robomaker_small_warehouse_world/models/aws_robomaker_warehouse_ShelfE_01/materials/textures
-- Installing: /home/ambushee/wil_project/aws-robomaker-small-warehouse-world/install/aws_robomaker_small_warehouse_world/share/aws_robomaker_small_warehouse_world/models/aws_robomaker_warehouse_ShelfE_01/materials/textures/aws_robomaker_warehouse_ShelfE_02.png
-- Installing: /home/ambushee/wil_project/aws-robomaker-small-warehouse-world/install/aws_robomaker_small_warehouse_world/share/aws_robomaker_small_warehouse_world/models/aws_robomaker_warehouse_ShelfE_01/materials/textures/aws_robomaker_warehouse_ShelfE_04.png
-- Installing: /home/ambushee/wil_project/aws-robomaker-small-warehouse-world/install/aws_robomaker_small_warehouse_world/share/aws_robomaker_small_warehouse_world/models/aws_robomaker_warehouse_ShelfE_01/materials/textures/aws_robomaker_warehouse_ShelfE_01.png
-- Installing: /home/ambushee/wil_project/aws-robomaker-small-warehouse-world/install/aws_robomaker_small_warehouse_world/share/aws_robomaker_small_warehouse_world/models/aws_robomaker_warehouse_ShelfE_01/materials/textures/aws_robomaker_warehouse_ShelfE_03.png
-- Installing: /home/ambushee/wil_project/aws-robomaker-small-warehouse-world/install/aws_robomaker_small_warehouse_world/share/aws_robomaker_small_warehouse_world/worlds
-- Installing: /home/ambushee/wil_project/aws-robomaker-small-warehouse-world/install/aws_robomaker_small_warehouse_world/share/aws_robomaker_small_warehouse_world/worlds/small_warehouse
-- Installing: /home/ambushee/wil_project/aws-robomaker-small-warehouse-world/install/aws_robomaker_small_warehouse_world/share/aws_robomaker_small_warehouse_world/worlds/small_warehouse/small_warehouse.world
-- Installing: /home/ambushee/wil_project/aws-robomaker-small-warehouse-world/install/aws_robomaker_small_warehouse_world/share/aws_robomaker_small_warehouse_world/worlds/no_roof_small_warehouse
-- Installing: /home/ambushee/wil_project/aws-robomaker-small-warehouse-world/install/aws_robomaker_small_warehouse_world/share/aws_robomaker_small_warehouse_world/worlds/no_roof_small_warehouse/no_roof_small_warehouse.world
-- Installing: /home/ambushee/wil_project/aws-robomaker-small-warehouse-world/install/aws_robomaker_small_warehouse_world/share/aws_robomaker_small_warehouse_world/maps
-- Installing: /home/ambushee/wil_project/aws-robomaker-small-warehouse-world/install/aws_robomaker_small_warehouse_world/share/aws_robomaker_small_warehouse_world/maps/002
-- Installing: /home/ambushee/wil_project/aws-robomaker-small-warehouse-world/install/aws_robomaker_small_warehouse_world/share/aws_robomaker_small_warehouse_world/maps/002/map.pgm
-- Installing: /home/ambushee/wil_project/aws-robomaker-small-warehouse-world/install/aws_robomaker_small_warehouse_world/share/aws_robomaker_small_warehouse_world/maps/002/map.yaml
-- Installing: /home/ambushee/wil_project/aws-robomaker-small-warehouse-world/install/aws_robomaker_small_warehouse_world/share/aws_robomaker_small_warehouse_world/maps/005
-- Installing: /home/ambushee/wil_project/aws-robomaker-small-warehouse-world/install/aws_robomaker_small_warehouse_world/share/aws_robomaker_small_warehouse_world/maps/005/map.pgm
-- Installing: /home/ambushee/wil_project/aws-robomaker-small-warehouse-world/install/aws_robomaker_small_warehouse_world/share/aws_robomaker_small_warehouse_world/maps/005/map_rotated.pgm
-- Installing: /home/ambushee/wil_project/aws-robomaker-small-warehouse-world/install/aws_robomaker_small_warehouse_world/share/aws_robomaker_small_warehouse_world/maps/005/map_rotated.png
-- Installing: /home/ambushee/wil_project/aws-robomaker-small-warehouse-world/install/aws_robomaker_small_warehouse_world/share/aws_robomaker_small_warehouse_world/maps/005/map.yaml
-- Installing: /home/ambushee/wil_project/aws-robomaker-small-warehouse-world/install/aws_robomaker_small_warehouse_world/share/aws_robomaker_small_warehouse_world/environment/aws_robomaker_small_warehouse_world.dsv
-- Installing: /home/ambushee/wil_project/aws-robomaker-small-warehouse-world/install/aws_robomaker_small_warehouse_world/share/ament_index/resource_index/package_run_dependencies/aws_robomaker_small_warehouse_world
-- Installing: /home/ambushee/wil_project/aws-robomaker-small-warehouse-world/install/aws_robomaker_small_warehouse_world/share/ament_index/resource_index/parent_prefix_path/aws_robomaker_small_warehouse_world
-- Installing: /home/ambushee/wil_project/aws-robomaker-small-warehouse-world/install/aws_robomaker_small_warehouse_world/share/aws_robomaker_small_warehouse_world/environment/ament_prefix_path.sh
-- Installing: /home/ambushee/wil_project/aws-robomaker-small-warehouse-world/install/aws_robomaker_small_warehouse_world/share/aws_robomaker_small_warehouse_world/environment/ament_prefix_path.dsv
-- Installing: /home/ambushee/wil_project/aws-robomaker-small-warehouse-world/install/aws_robomaker_small_warehouse_world/share/aws_robomaker_small_warehouse_world/environment/path.sh
-- Installing: /home/ambushee/wil_project/aws-robomaker-small-warehouse-world/install/aws_robomaker_small_warehouse_world/share/aws_robomaker_small_warehouse_world/environment/path.dsv
-- Installing: /home/ambushee/wil_project/aws-robomaker-small-warehouse-world/install/aws_robomaker_small_warehouse_world/share/aws_robomaker_small_warehouse_world/local_setup.bash
-- Installing: /home/ambushee/wil_project/aws-robomaker-small-warehouse-world/install/aws_robomaker_small_warehouse_world/share/aws_robomaker_small_warehouse_world/local_setup.sh
-- Installing: /home/ambushee/wil_project/aws-robomaker-small-warehouse-world/install/aws_robomaker_small_warehouse_world/share/aws_robomaker_small_warehouse_world/local_setup.zsh
-- Installing: /home/ambushee/wil_project/aws-robomaker-small-warehouse-world/install/aws_robomaker_small_warehouse_world/share/aws_robomaker_small_warehouse_world/local_setup.dsv
-- Installing: /home/ambushee/wil_project/aws-robomaker-small-warehouse-world/install/aws_robomaker_small_warehouse_world/share/aws_robomaker_small_warehouse_world/package.dsv
-- Installing: /home/ambushee/wil_project/aws-robomaker-small-warehouse-world/install/aws_robomaker_small_warehouse_world/share/ament_index/resource_index/packages/aws_robomaker_small_warehouse_world
-- Installing: /home/ambushee/wil_project/aws-robomaker-small-warehouse-world/install/aws_robomaker_small_warehouse_world/share/aws_robomaker_small_warehouse_world/cmake/ament_cmake_export_dependencies-extras.cmake
-- Installing: /home/ambushee/wil_project/aws-robomaker-small-warehouse-world/install/aws_robomaker_small_warehouse_world/share/aws_robomaker_small_warehouse_world/cmake/aws_robomaker_small_warehouse_worldConfig.cmake
-- Installing: /home/ambushee/wil_project/aws-robomaker-small-warehouse-world/install/aws_robomaker_small_warehouse_world/share/aws_robomaker_small_warehouse_world/cmake/aws_robomaker_small_warehouse_worldConfig-version.cmake
-- Installing: /home/ambushee/wil_project/aws-robomaker-small-warehouse-world/install/aws_robomaker_small_warehouse_world/share/aws_robomaker_small_warehouse_world/package.xml
