[0.233s] Invoking command in '/home/ambushee/wil_project/aws-robomaker-small-warehouse-world/build/aws_robomaker_small_warehouse_world': CMAKE_PREFIX_PATH=${CMAKE_PREFIX_PATH}:/home/ambushee/wil_project/install/realsense_imu:/opt/ros/humble /usr/bin/cmake /home/ambushee/wil_project/aws-robomaker-small-warehouse-world -DCMAKE_INSTALL_PREFIX=/home/ambushee/wil_project/aws-robomaker-small-warehouse-world/install/aws_robomaker_small_warehouse_world
[1.122s] -- The C compiler identification is GNU 11.4.0
[2.141s] -- The CXX compiler identification is GNU 11.4.0
[2.289s] -- Detecting C compiler ABI info
[3.640s] -- Detecting C compiler ABI info - done
[3.700s] -- Check for working C compiler: /usr/bin/cc - skipped
[3.702s] -- Detecting C compile features
[3.705s] -- Detecting C compile features - done
[3.733s] -- Detecting CXX compiler ABI info
[5.127s] -- Detecting CXX compiler ABI info - done
[5.267s] -- Check for working CXX compiler: /usr/bin/c++ - skipped
[5.273s] -- Detecting CXX compile features
[5.285s] -- Detecting CXX compile features - done
[5.334s] -- Found ament_cmake: 1.3.13 (/opt/ros/humble/share/ament_cmake/cmake)
[7.714s] -- Found Python3: /usr/bin/python3 (found version "3.10.12") found components: Interpreter 
[11.252s] -- Configuring done
[11.302s] -- Generating done
[11.340s] -- Build files have been written to: /home/ambushee/wil_project/aws-robomaker-small-warehouse-world/build/aws_robomaker_small_warehouse_world
[11.410s] Invoked command in '/home/ambushee/wil_project/aws-robomaker-small-warehouse-world/build/aws_robomaker_small_warehouse_world' returned '0': CMAKE_PREFIX_PATH=${CMAKE_PREFIX_PATH}:/home/ambushee/wil_project/install/realsense_imu:/opt/ros/humble /usr/bin/cmake /home/ambushee/wil_project/aws-robomaker-small-warehouse-world -DCMAKE_INSTALL_PREFIX=/home/ambushee/wil_project/aws-robomaker-small-warehouse-world/install/aws_robomaker_small_warehouse_world
[11.448s] Invoking command in '/home/ambushee/wil_project/aws-robomaker-small-warehouse-world/build/aws_robomaker_small_warehouse_world': CMAKE_PREFIX_PATH=${CMAKE_PREFIX_PATH}:/home/ambushee/wil_project/install/realsense_imu:/opt/ros/humble /usr/bin/cmake --build /home/ambushee/wil_project/aws-robomaker-small-warehouse-world/build/aws_robomaker_small_warehouse_world -- -j16 -l16
[12.047s] Invoked command in '/home/ambushee/wil_project/aws-robomaker-small-warehouse-world/build/aws_robomaker_small_warehouse_world' returned '0': CMAKE_PREFIX_PATH=${CMAKE_PREFIX_PATH}:/home/ambushee/wil_project/install/realsense_imu:/opt/ros/humble /usr/bin/cmake --build /home/ambushee/wil_project/aws-robomaker-small-warehouse-world/build/aws_robomaker_small_warehouse_world -- -j16 -l16
[12.262s] Invoking command in '/home/ambushee/wil_project/aws-robomaker-small-warehouse-world/build/aws_robomaker_small_warehouse_world': CMAKE_PREFIX_PATH=${CMAKE_PREFIX_PATH}:/home/ambushee/wil_project/install/realsense_imu:/opt/ros/humble /usr/bin/cmake --install /home/ambushee/wil_project/aws-robomaker-small-warehouse-world/build/aws_robomaker_small_warehouse_world
[12.419s] -- Install configuration: ""
[12.421s] -- Installing: /home/ambushee/wil_project/aws-robomaker-small-warehouse-world/install/aws_robomaker_small_warehouse_world/share/aws_robomaker_small_warehouse_world/launch
[12.431s] -- Installing: /home/ambushee/wil_project/aws-robomaker-small-warehouse-world/install/aws_robomaker_small_warehouse_world/share/aws_robomaker_small_warehouse_world/launch/small_warehouse.launch.py
[12.437s] -- Installing: /home/ambushee/wil_project/aws-robomaker-small-warehouse-world/install/aws_robomaker_small_warehouse_world/share/aws_robomaker_small_warehouse_world/launch/no_roof_small_warehouse.launch.py
[12.442s] -- Installing: /home/ambushee/wil_project/aws-robomaker-small-warehouse-world/install/aws_robomaker_small_warehouse_world/share/aws_robomaker_small_warehouse_world/models
[12.444s] -- Installing: /home/ambushee/wil_project/aws-robomaker-small-warehouse-world/install/aws_robomaker_small_warehouse_world/share/aws_robomaker_small_warehouse_world/models/aws_robomaker_warehouse_WallB_01
[12.452s] -- Installing: /home/ambushee/wil_project/aws-robomaker-small-warehouse-world/install/aws_robomaker_small_warehouse_world/share/aws_robomaker_small_warehouse_world/models/aws_robomaker_warehouse_WallB_01/model.sdf
[12.454s] -- Installing: /home/ambushee/wil_project/aws-robomaker-small-warehouse-world/install/aws_robomaker_small_warehouse_world/share/aws_robomaker_small_warehouse_world/models/aws_robomaker_warehouse_WallB_01/meshes
[12.456s] -- Installing: /home/ambushee/wil_project/aws-robomaker-small-warehouse-world/install/aws_robomaker_small_warehouse_world/share/aws_robomaker_small_warehouse_world/models/aws_robomaker_warehouse_WallB_01/meshes/aws_robomaker_warehouse_WallB_01_visual.DAE
[12.457s] -- Installing: /home/ambushee/wil_project/aws-robomaker-small-warehouse-world/install/aws_robomaker_small_warehouse_world/share/aws_robomaker_small_warehouse_world/models/aws_robomaker_warehouse_WallB_01/meshes/aws_robomaker_warehouse_WallB_01_collision.DAE
[12.458s] -- Installing: /home/ambushee/wil_project/aws-robomaker-small-warehouse-world/install/aws_robomaker_small_warehouse_world/share/aws_robomaker_small_warehouse_world/models/aws_robomaker_warehouse_WallB_01/model.config
[12.460s] -- Installing: /home/ambushee/wil_project/aws-robomaker-small-warehouse-world/install/aws_robomaker_small_warehouse_world/share/aws_robomaker_small_warehouse_world/models/aws_robomaker_warehouse_WallB_01/materials
[12.461s] -- Installing: /home/ambushee/wil_project/aws-robomaker-small-warehouse-world/install/aws_robomaker_small_warehouse_world/share/aws_robomaker_small_warehouse_world/models/aws_robomaker_warehouse_WallB_01/materials/textures
[12.466s] -- Installing: /home/ambushee/wil_project/aws-robomaker-small-warehouse-world/install/aws_robomaker_small_warehouse_world/share/aws_robomaker_small_warehouse_world/models/aws_robomaker_warehouse_WallB_01/materials/textures/aws_robomaker_warehouse_WallB_01.png
[12.472s] -- Installing: /home/ambushee/wil_project/aws-robomaker-small-warehouse-world/install/aws_robomaker_small_warehouse_world/share/aws_robomaker_small_warehouse_world/models/aws_robomaker_warehouse_ClutteringC_01
[12.474s] -- Installing: /home/ambushee/wil_project/aws-robomaker-small-warehouse-world/install/aws_robomaker_small_warehouse_world/share/aws_robomaker_small_warehouse_world/models/aws_robomaker_warehouse_ClutteringC_01/model.sdf
[12.476s] -- Installing: /home/ambushee/wil_project/aws-robomaker-small-warehouse-world/install/aws_robomaker_small_warehouse_world/share/aws_robomaker_small_warehouse_world/models/aws_robomaker_warehouse_ClutteringC_01/meshes
[12.477s] -- Installing: /home/ambushee/wil_project/aws-robomaker-small-warehouse-world/install/aws_robomaker_small_warehouse_world/share/aws_robomaker_small_warehouse_world/models/aws_robomaker_warehouse_ClutteringC_01/meshes/aws_robomaker_warehouse_ClutteringC_01_collision.DAE
[12.478s] -- Installing: /home/ambushee/wil_project/aws-robomaker-small-warehouse-world/install/aws_robomaker_small_warehouse_world/share/aws_robomaker_small_warehouse_world/models/aws_robomaker_warehouse_ClutteringC_01/meshes/aws_robomaker_warehouse_ClutteringC_01_visual.DAE
[12.481s] -- Installing: /home/ambushee/wil_project/aws-robomaker-small-warehouse-world/install/aws_robomaker_small_warehouse_world/share/aws_robomaker_small_warehouse_world/models/aws_robomaker_warehouse_ClutteringC_01/model.config
[12.492s] -- Installing: /home/ambushee/wil_project/aws-robomaker-small-warehouse-world/install/aws_robomaker_small_warehouse_world/share/aws_robomaker_small_warehouse_world/models/aws_robomaker_warehouse_ClutteringC_01/materials
[12.498s] -- Installing: /home/ambushee/wil_project/aws-robomaker-small-warehouse-world/install/aws_robomaker_small_warehouse_world/share/aws_robomaker_small_warehouse_world/models/aws_robomaker_warehouse_ClutteringC_01/materials/textures
[12.503s] -- Installing: /home/ambushee/wil_project/aws-robomaker-small-warehouse-world/install/aws_robomaker_small_warehouse_world/share/aws_robomaker_small_warehouse_world/models/aws_robomaker_warehouse_ClutteringC_01/materials/textures/aws_robomaker_warehouse_ClutteringC_02.png
[12.505s] -- Installing: /home/ambushee/wil_project/aws-robomaker-small-warehouse-world/install/aws_robomaker_small_warehouse_world/share/aws_robomaker_small_warehouse_world/models/aws_robomaker_warehouse_ClutteringC_01/materials/textures/aws_robomaker_warehouse_ClutteringC_01.png
[12.506s] -- Installing: /home/ambushee/wil_project/aws-robomaker-small-warehouse-world/install/aws_robomaker_small_warehouse_world/share/aws_robomaker_small_warehouse_world/models/aws_robomaker_warehouse_Bucket_01
[12.507s] -- Installing: /home/ambushee/wil_project/aws-robomaker-small-warehouse-world/install/aws_robomaker_small_warehouse_world/share/aws_robomaker_small_warehouse_world/models/aws_robomaker_warehouse_Bucket_01/model.sdf
[12.508s] -- Installing: /home/ambushee/wil_project/aws-robomaker-small-warehouse-world/install/aws_robomaker_small_warehouse_world/share/aws_robomaker_small_warehouse_world/models/aws_robomaker_warehouse_Bucket_01/meshes
[12.510s] -- Installing: /home/ambushee/wil_project/aws-robomaker-small-warehouse-world/install/aws_robomaker_small_warehouse_world/share/aws_robomaker_small_warehouse_world/models/aws_robomaker_warehouse_Bucket_01/meshes/aws_robomaker_warehouse_Bucket_01_visual.DAE
[12.511s] -- Installing: /home/ambushee/wil_project/aws-robomaker-small-warehouse-world/install/aws_robomaker_small_warehouse_world/share/aws_robomaker_small_warehouse_world/models/aws_robomaker_warehouse_Bucket_01/meshes/aws_robomaker_warehouse_Bucket_01_collision.DAE
[12.512s] -- Installing: /home/ambushee/wil_project/aws-robomaker-small-warehouse-world/install/aws_robomaker_small_warehouse_world/share/aws_robomaker_small_warehouse_world/models/aws_robomaker_warehouse_Bucket_01/model.config
[12.514s] -- Installing: /home/ambushee/wil_project/aws-robomaker-small-warehouse-world/install/aws_robomaker_small_warehouse_world/share/aws_robomaker_small_warehouse_world/models/aws_robomaker_warehouse_Bucket_01/materials
[12.516s] -- Installing: /home/ambushee/wil_project/aws-robomaker-small-warehouse-world/install/aws_robomaker_small_warehouse_world/share/aws_robomaker_small_warehouse_world/models/aws_robomaker_warehouse_Bucket_01/materials/textures
[12.522s] -- Installing: /home/ambushee/wil_project/aws-robomaker-small-warehouse-world/install/aws_robomaker_small_warehouse_world/share/aws_robomaker_small_warehouse_world/models/aws_robomaker_warehouse_Bucket_01/materials/textures/aws_robomaker_warehouse_Bucket_01.png
[12.530s] -- Installing: /home/ambushee/wil_project/aws-robomaker-small-warehouse-world/install/aws_robomaker_small_warehouse_world/share/aws_robomaker_small_warehouse_world/models/aws_robomaker_warehouse_DeskC_01
[12.532s] -- Installing: /home/ambushee/wil_project/aws-robomaker-small-warehouse-world/install/aws_robomaker_small_warehouse_world/share/aws_robomaker_small_warehouse_world/models/aws_robomaker_warehouse_DeskC_01/model.sdf
[12.533s] -- Installing: /home/ambushee/wil_project/aws-robomaker-small-warehouse-world/install/aws_robomaker_small_warehouse_world/share/aws_robomaker_small_warehouse_world/models/aws_robomaker_warehouse_DeskC_01/meshes
[12.535s] -- Installing: /home/ambushee/wil_project/aws-robomaker-small-warehouse-world/install/aws_robomaker_small_warehouse_world/share/aws_robomaker_small_warehouse_world/models/aws_robomaker_warehouse_DeskC_01/meshes/aws_robomaker_warehouse_DeskC_01_visual.DAE
[12.536s] -- Installing: /home/ambushee/wil_project/aws-robomaker-small-warehouse-world/install/aws_robomaker_small_warehouse_world/share/aws_robomaker_small_warehouse_world/models/aws_robomaker_warehouse_DeskC_01/meshes/aws_robomaker_warehouse_DeskC_01_collision.DAE
[12.538s] -- Installing: /home/ambushee/wil_project/aws-robomaker-small-warehouse-world/install/aws_robomaker_small_warehouse_world/share/aws_robomaker_small_warehouse_world/models/aws_robomaker_warehouse_DeskC_01/model.config
[12.540s] -- Installing: /home/ambushee/wil_project/aws-robomaker-small-warehouse-world/install/aws_robomaker_small_warehouse_world/share/aws_robomaker_small_warehouse_world/models/aws_robomaker_warehouse_DeskC_01/materials
[12.541s] -- Installing: /home/ambushee/wil_project/aws-robomaker-small-warehouse-world/install/aws_robomaker_small_warehouse_world/share/aws_robomaker_small_warehouse_world/models/aws_robomaker_warehouse_DeskC_01/materials/textures
[12.543s] -- Installing: /home/ambushee/wil_project/aws-robomaker-small-warehouse-world/install/aws_robomaker_small_warehouse_world/share/aws_robomaker_small_warehouse_world/models/aws_robomaker_warehouse_DeskC_01/materials/textures/aws_robomaker_warehouse_DeskC_04.png
[12.553s] -- Installing: /home/ambushee/wil_project/aws-robomaker-small-warehouse-world/install/aws_robomaker_small_warehouse_world/share/aws_robomaker_small_warehouse_world/models/aws_robomaker_warehouse_DeskC_01/materials/textures/aws_robomaker_warehouse_DeskC_01.png
[12.555s] -- Installing: /home/ambushee/wil_project/aws-robomaker-small-warehouse-world/install/aws_robomaker_small_warehouse_world/share/aws_robomaker_small_warehouse_world/models/aws_robomaker_warehouse_DeskC_01/materials/textures/aws_robomaker_warehouse_DeskC_02.png
[12.557s] -- Installing: /home/ambushee/wil_project/aws-robomaker-small-warehouse-world/install/aws_robomaker_small_warehouse_world/share/aws_robomaker_small_warehouse_world/models/aws_robomaker_warehouse_DeskC_01/materials/textures/aws_robomaker_warehouse_DeskC_03.png
[12.558s] -- Installing: /home/ambushee/wil_project/aws-robomaker-small-warehouse-world/install/aws_robomaker_small_warehouse_world/share/aws_robomaker_small_warehouse_world/models/aws_robomaker_warehouse_RoofB_01
[12.559s] -- Installing: /home/ambushee/wil_project/aws-robomaker-small-warehouse-world/install/aws_robomaker_small_warehouse_world/share/aws_robomaker_small_warehouse_world/models/aws_robomaker_warehouse_RoofB_01/model.sdf
[12.560s] -- Installing: /home/ambushee/wil_project/aws-robomaker-small-warehouse-world/install/aws_robomaker_small_warehouse_world/share/aws_robomaker_small_warehouse_world/models/aws_robomaker_warehouse_RoofB_01/meshes
[12.564s] -- Installing: /home/ambushee/wil_project/aws-robomaker-small-warehouse-world/install/aws_robomaker_small_warehouse_world/share/aws_robomaker_small_warehouse_world/models/aws_robomaker_warehouse_RoofB_01/meshes/aws_robomaker_warehouse_RoofB_01_visual.DAE
[12.567s] -- Installing: /home/ambushee/wil_project/aws-robomaker-small-warehouse-world/install/aws_robomaker_small_warehouse_world/share/aws_robomaker_small_warehouse_world/models/aws_robomaker_warehouse_RoofB_01/meshes/aws_robomaker_warehouse_RoofB_01_collision.DAE
[12.572s] -- Installing: /home/ambushee/wil_project/aws-robomaker-small-warehouse-world/install/aws_robomaker_small_warehouse_world/share/aws_robomaker_small_warehouse_world/models/aws_robomaker_warehouse_RoofB_01/model.config
[12.574s] -- Installing: /home/ambushee/wil_project/aws-robomaker-small-warehouse-world/install/aws_robomaker_small_warehouse_world/share/aws_robomaker_small_warehouse_world/models/aws_robomaker_warehouse_RoofB_01/materials
[12.576s] -- Installing: /home/ambushee/wil_project/aws-robomaker-small-warehouse-world/install/aws_robomaker_small_warehouse_world/share/aws_robomaker_small_warehouse_world/models/aws_robomaker_warehouse_RoofB_01/materials/textures
[12.580s] -- Installing: /home/ambushee/wil_project/aws-robomaker-small-warehouse-world/install/aws_robomaker_small_warehouse_world/share/aws_robomaker_small_warehouse_world/models/aws_robomaker_warehouse_RoofB_01/materials/textures/aws_robomaker_warehouse_RoofB_01.png
[12.583s] -- Installing: /home/ambushee/wil_project/aws-robomaker-small-warehouse-world/install/aws_robomaker_small_warehouse_world/share/aws_robomaker_small_warehouse_world/models/aws_robomaker_warehouse_ClutteringA_01
[12.587s] -- Installing: /home/ambushee/wil_project/aws-robomaker-small-warehouse-world/install/aws_robomaker_small_warehouse_world/share/aws_robomaker_small_warehouse_world/models/aws_robomaker_warehouse_ClutteringA_01/model.sdf
[12.591s] -- Installing: /home/ambushee/wil_project/aws-robomaker-small-warehouse-world/install/aws_robomaker_small_warehouse_world/share/aws_robomaker_small_warehouse_world/models/aws_robomaker_warehouse_ClutteringA_01/meshes
[12.601s] -- Installing: /home/ambushee/wil_project/aws-robomaker-small-warehouse-world/install/aws_robomaker_small_warehouse_world/share/aws_robomaker_small_warehouse_world/models/aws_robomaker_warehouse_ClutteringA_01/meshes/aws_robomaker_warehouse_ClutteringA_01_collision.DAE
[12.603s] -- Installing: /home/ambushee/wil_project/aws-robomaker-small-warehouse-world/install/aws_robomaker_small_warehouse_world/share/aws_robomaker_small_warehouse_world/models/aws_robomaker_warehouse_ClutteringA_01/meshes/aws_robomaker_warehouse_ClutteringA_01_visual.DAE
[12.604s] -- Installing: /home/ambushee/wil_project/aws-robomaker-small-warehouse-world/install/aws_robomaker_small_warehouse_world/share/aws_robomaker_small_warehouse_world/models/aws_robomaker_warehouse_ClutteringA_01/model.config
[12.605s] -- Installing: /home/ambushee/wil_project/aws-robomaker-small-warehouse-world/install/aws_robomaker_small_warehouse_world/share/aws_robomaker_small_warehouse_world/models/aws_robomaker_warehouse_ClutteringA_01/materials
[12.607s] -- Installing: /home/ambushee/wil_project/aws-robomaker-small-warehouse-world/install/aws_robomaker_small_warehouse_world/share/aws_robomaker_small_warehouse_world/models/aws_robomaker_warehouse_ClutteringA_01/materials/textures
[12.608s] -- Installing: /home/ambushee/wil_project/aws-robomaker-small-warehouse-world/install/aws_robomaker_small_warehouse_world/share/aws_robomaker_small_warehouse_world/models/aws_robomaker_warehouse_ClutteringA_01/materials/textures/aws_robomaker_warehouse_ClutteringA_01.png
[12.609s] -- Installing: /home/ambushee/wil_project/aws-robomaker-small-warehouse-world/install/aws_robomaker_small_warehouse_world/share/aws_robomaker_small_warehouse_world/models/aws_robomaker_warehouse_ClutteringA_01/materials/textures/aws_robomaker_warehouse_ClutteringA_02.png
[12.610s] -- Installing: /home/ambushee/wil_project/aws-robomaker-small-warehouse-world/install/aws_robomaker_small_warehouse_world/share/aws_robomaker_small_warehouse_world/models/aws_robomaker_warehouse_ClutteringA_01/materials/textures/aws_robomaker_warehouse_ClutteringA_03.png
[12.611s] -- Installing: /home/ambushee/wil_project/aws-robomaker-small-warehouse-world/install/aws_robomaker_small_warehouse_world/share/aws_robomaker_small_warehouse_world/models/aws_robomaker_warehouse_ClutteringD_01
[12.612s] -- Installing: /home/ambushee/wil_project/aws-robomaker-small-warehouse-world/install/aws_robomaker_small_warehouse_world/share/aws_robomaker_small_warehouse_world/models/aws_robomaker_warehouse_ClutteringD_01/model.sdf
[12.614s] -- Installing: /home/ambushee/wil_project/aws-robomaker-small-warehouse-world/install/aws_robomaker_small_warehouse_world/share/aws_robomaker_small_warehouse_world/models/aws_robomaker_warehouse_ClutteringD_01/meshes
[12.616s] -- Installing: /home/ambushee/wil_project/aws-robomaker-small-warehouse-world/install/aws_robomaker_small_warehouse_world/share/aws_robomaker_small_warehouse_world/models/aws_robomaker_warehouse_ClutteringD_01/meshes/aws_robomaker_warehouse_ClutteringD_01_collision.DAE
[12.617s] -- Installing: /home/ambushee/wil_project/aws-robomaker-small-warehouse-world/install/aws_robomaker_small_warehouse_world/share/aws_robomaker_small_warehouse_world/models/aws_robomaker_warehouse_ClutteringD_01/meshes/aws_robomaker_warehouse_ClutteringD_01_visual.DAE
[12.619s] -- Installing: /home/ambushee/wil_project/aws-robomaker-small-warehouse-world/install/aws_robomaker_small_warehouse_world/share/aws_robomaker_small_warehouse_world/models/aws_robomaker_warehouse_ClutteringD_01/model.config
[12.620s] -- Installing: /home/ambushee/wil_project/aws-robomaker-small-warehouse-world/install/aws_robomaker_small_warehouse_world/share/aws_robomaker_small_warehouse_world/models/aws_robomaker_warehouse_ClutteringD_01/materials
[12.621s] -- Installing: /home/ambushee/wil_project/aws-robomaker-small-warehouse-world/install/aws_robomaker_small_warehouse_world/share/aws_robomaker_small_warehouse_world/models/aws_robomaker_warehouse_ClutteringD_01/materials/textures
[12.622s] -- Installing: /home/ambushee/wil_project/aws-robomaker-small-warehouse-world/install/aws_robomaker_small_warehouse_world/share/aws_robomaker_small_warehouse_world/models/aws_robomaker_warehouse_ClutteringD_01/materials/textures/aws_robomaker_warehouse_ClutteringD_01.png
[12.624s] -- Installing: /home/ambushee/wil_project/aws-robomaker-small-warehouse-world/install/aws_robomaker_small_warehouse_world/share/aws_robomaker_small_warehouse_world/models/aws_robomaker_warehouse_ClutteringD_01/materials/textures/aws_robomaker_warehouse_ClutteringD_02.png
[12.625s] -- Installing: /home/ambushee/wil_project/aws-robomaker-small-warehouse-world/install/aws_robomaker_small_warehouse_world/share/aws_robomaker_small_warehouse_world/models/aws_robomaker_warehouse_GroundB_01
[12.634s] -- Installing: /home/ambushee/wil_project/aws-robomaker-small-warehouse-world/install/aws_robomaker_small_warehouse_world/share/aws_robomaker_small_warehouse_world/models/aws_robomaker_warehouse_GroundB_01/model.sdf
[12.638s] -- Installing: /home/ambushee/wil_project/aws-robomaker-small-warehouse-world/install/aws_robomaker_small_warehouse_world/share/aws_robomaker_small_warehouse_world/models/aws_robomaker_warehouse_GroundB_01/meshes
[12.642s] -- Installing: /home/ambushee/wil_project/aws-robomaker-small-warehouse-world/install/aws_robomaker_small_warehouse_world/share/aws_robomaker_small_warehouse_world/models/aws_robomaker_warehouse_GroundB_01/meshes/aws_robomaker_warehouse_GroundB_01_visual.DAE
[12.644s] -- Installing: /home/ambushee/wil_project/aws-robomaker-small-warehouse-world/install/aws_robomaker_small_warehouse_world/share/aws_robomaker_small_warehouse_world/models/aws_robomaker_warehouse_GroundB_01/meshes/aws_robomaker_warehouse_GroundB_01_collision.DAE
[12.646s] -- Installing: /home/ambushee/wil_project/aws-robomaker-small-warehouse-world/install/aws_robomaker_small_warehouse_world/share/aws_robomaker_small_warehouse_world/models/aws_robomaker_warehouse_GroundB_01/model.config
[12.647s] -- Installing: /home/ambushee/wil_project/aws-robomaker-small-warehouse-world/install/aws_robomaker_small_warehouse_world/share/aws_robomaker_small_warehouse_world/models/aws_robomaker_warehouse_GroundB_01/materials
[12.654s] -- Installing: /home/ambushee/wil_project/aws-robomaker-small-warehouse-world/install/aws_robomaker_small_warehouse_world/share/aws_robomaker_small_warehouse_world/models/aws_robomaker_warehouse_GroundB_01/materials/textures
[12.656s] -- Installing: /home/ambushee/wil_project/aws-robomaker-small-warehouse-world/install/aws_robomaker_small_warehouse_world/share/aws_robomaker_small_warehouse_world/models/aws_robomaker_warehouse_GroundB_01/materials/textures/aws_robomaker_warehouse_GroundB_01.png
[12.657s] -- Installing: /home/ambushee/wil_project/aws-robomaker-small-warehouse-world/install/aws_robomaker_small_warehouse_world/share/aws_robomaker_small_warehouse_world/models/aws_robomaker_warehouse_GroundB_01/materials/textures/aws_robomaker_warehouse_GroundB_02.png
[12.662s] -- Installing: /home/ambushee/wil_project/aws-robomaker-small-warehouse-world/install/aws_robomaker_small_warehouse_world/share/aws_robomaker_small_warehouse_world/models/aws_robomaker_warehouse_Lamp_01
[12.663s] -- Installing: /home/ambushee/wil_project/aws-robomaker-small-warehouse-world/install/aws_robomaker_small_warehouse_world/share/aws_robomaker_small_warehouse_world/models/aws_robomaker_warehouse_Lamp_01/model.sdf
[12.665s] -- Installing: /home/ambushee/wil_project/aws-robomaker-small-warehouse-world/install/aws_robomaker_small_warehouse_world/share/aws_robomaker_small_warehouse_world/models/aws_robomaker_warehouse_Lamp_01/meshes
[12.666s] -- Installing: /home/ambushee/wil_project/aws-robomaker-small-warehouse-world/install/aws_robomaker_small_warehouse_world/share/aws_robomaker_small_warehouse_world/models/aws_robomaker_warehouse_Lamp_01/meshes/aws_robomaker_warehouse_Lamp_01_collision.DAE
[12.667s] -- Installing: /home/ambushee/wil_project/aws-robomaker-small-warehouse-world/install/aws_robomaker_small_warehouse_world/share/aws_robomaker_small_warehouse_world/models/aws_robomaker_warehouse_Lamp_01/meshes/aws_robomaker_warehouse_Lamp_01_visual.DAE
[12.673s] -- Installing: /home/ambushee/wil_project/aws-robomaker-small-warehouse-world/install/aws_robomaker_small_warehouse_world/share/aws_robomaker_small_warehouse_world/models/aws_robomaker_warehouse_Lamp_01/model.config
[12.674s] -- Installing: /home/ambushee/wil_project/aws-robomaker-small-warehouse-world/install/aws_robomaker_small_warehouse_world/share/aws_robomaker_small_warehouse_world/models/aws_robomaker_warehouse_Lamp_01/materials
[12.675s] -- Installing: /home/ambushee/wil_project/aws-robomaker-small-warehouse-world/install/aws_robomaker_small_warehouse_world/share/aws_robomaker_small_warehouse_world/models/aws_robomaker_warehouse_Lamp_01/materials/textures
[12.676s] -- Installing: /home/ambushee/wil_project/aws-robomaker-small-warehouse-world/install/aws_robomaker_small_warehouse_world/share/aws_robomaker_small_warehouse_world/models/aws_robomaker_warehouse_Lamp_01/materials/textures/aws_robomaker_warehouse_Lamp_01.png
[12.677s] -- Installing: /home/ambushee/wil_project/aws-robomaker-small-warehouse-world/install/aws_robomaker_small_warehouse_world/share/aws_robomaker_small_warehouse_world/models/aws_robomaker_warehouse_ShelfD_01
[12.680s] -- Installing: /home/ambushee/wil_project/aws-robomaker-small-warehouse-world/install/aws_robomaker_small_warehouse_world/share/aws_robomaker_small_warehouse_world/models/aws_robomaker_warehouse_ShelfD_01/model.sdf
[12.681s] -- Installing: /home/ambushee/wil_project/aws-robomaker-small-warehouse-world/install/aws_robomaker_small_warehouse_world/share/aws_robomaker_small_warehouse_world/models/aws_robomaker_warehouse_ShelfD_01/meshes
[12.682s] -- Installing: /home/ambushee/wil_project/aws-robomaker-small-warehouse-world/install/aws_robomaker_small_warehouse_world/share/aws_robomaker_small_warehouse_world/models/aws_robomaker_warehouse_ShelfD_01/meshes/aws_robomaker_warehouse_ShelfD_01_collision.DAE
[12.683s] -- Installing: /home/ambushee/wil_project/aws-robomaker-small-warehouse-world/install/aws_robomaker_small_warehouse_world/share/aws_robomaker_small_warehouse_world/models/aws_robomaker_warehouse_ShelfD_01/meshes/aws_robomaker_warehouse_ShelfD_01_visual.DAE
[12.683s] -- Installing: /home/ambushee/wil_project/aws-robomaker-small-warehouse-world/install/aws_robomaker_small_warehouse_world/share/aws_robomaker_small_warehouse_world/models/aws_robomaker_warehouse_ShelfD_01/model.config
[12.689s] -- Installing: /home/ambushee/wil_project/aws-robomaker-small-warehouse-world/install/aws_robomaker_small_warehouse_world/share/aws_robomaker_small_warehouse_world/models/aws_robomaker_warehouse_ShelfD_01/materials
[12.690s] -- Installing: /home/ambushee/wil_project/aws-robomaker-small-warehouse-world/install/aws_robomaker_small_warehouse_world/share/aws_robomaker_small_warehouse_world/models/aws_robomaker_warehouse_ShelfD_01/materials/textures
[12.692s] -- Installing: /home/ambushee/wil_project/aws-robomaker-small-warehouse-world/install/aws_robomaker_small_warehouse_world/share/aws_robomaker_small_warehouse_world/models/aws_robomaker_warehouse_ShelfD_01/materials/textures/aws_robomaker_warehouse_ShelfD_01.png
[12.697s] -- Installing: /home/ambushee/wil_project/aws-robomaker-small-warehouse-world/install/aws_robomaker_small_warehouse_world/share/aws_robomaker_small_warehouse_world/models/aws_robomaker_warehouse_ShelfD_01/materials/textures/aws_robomaker_warehouse_ShelfD_03.png
[12.698s] -- Installing: /home/ambushee/wil_project/aws-robomaker-small-warehouse-world/install/aws_robomaker_small_warehouse_world/share/aws_robomaker_small_warehouse_world/models/aws_robomaker_warehouse_ShelfD_01/materials/textures/aws_robomaker_warehouse_ShelfD_02.png
[12.701s] -- Installing: /home/ambushee/wil_project/aws-robomaker-small-warehouse-world/install/aws_robomaker_small_warehouse_world/share/aws_robomaker_small_warehouse_world/models/aws_robomaker_warehouse_ShelfD_01/materials/textures/aws_robomaker_warehouse_ShelfD_04.png
[12.705s] -- Installing: /home/ambushee/wil_project/aws-robomaker-small-warehouse-world/install/aws_robomaker_small_warehouse_world/share/aws_robomaker_small_warehouse_world/models/aws_robomaker_warehouse_ShelfF_01
[12.707s] -- Installing: /home/ambushee/wil_project/aws-robomaker-small-warehouse-world/install/aws_robomaker_small_warehouse_world/share/aws_robomaker_small_warehouse_world/models/aws_robomaker_warehouse_ShelfF_01/model.sdf
[12.707s] -- Installing: /home/ambushee/wil_project/aws-robomaker-small-warehouse-world/install/aws_robomaker_small_warehouse_world/share/aws_robomaker_small_warehouse_world/models/aws_robomaker_warehouse_ShelfF_01/meshes
[12.708s] -- Installing: /home/ambushee/wil_project/aws-robomaker-small-warehouse-world/install/aws_robomaker_small_warehouse_world/share/aws_robomaker_small_warehouse_world/models/aws_robomaker_warehouse_ShelfF_01/meshes/aws_robomaker_warehouse_ShelfF_01_visual.DAE
[12.709s] -- Installing: /home/ambushee/wil_project/aws-robomaker-small-warehouse-world/install/aws_robomaker_small_warehouse_world/share/aws_robomaker_small_warehouse_world/models/aws_robomaker_warehouse_ShelfF_01/meshes/aws_robomaker_warehouse_ShelfF_01_collision.DAE
[12.709s] -- Installing: /home/ambushee/wil_project/aws-robomaker-small-warehouse-world/install/aws_robomaker_small_warehouse_world/share/aws_robomaker_small_warehouse_world/models/aws_robomaker_warehouse_ShelfF_01/model.config
[12.712s] -- Installing: /home/ambushee/wil_project/aws-robomaker-small-warehouse-world/install/aws_robomaker_small_warehouse_world/share/aws_robomaker_small_warehouse_world/models/aws_robomaker_warehouse_ShelfF_01/materials
[12.717s] -- Installing: /home/ambushee/wil_project/aws-robomaker-small-warehouse-world/install/aws_robomaker_small_warehouse_world/share/aws_robomaker_small_warehouse_world/models/aws_robomaker_warehouse_ShelfF_01/materials/textures
[12.718s] -- Installing: /home/ambushee/wil_project/aws-robomaker-small-warehouse-world/install/aws_robomaker_small_warehouse_world/share/aws_robomaker_small_warehouse_world/models/aws_robomaker_warehouse_ShelfF_01/materials/textures/aws_robomaker_warehouse_ShelfF_02.png
[12.719s] -- Installing: /home/ambushee/wil_project/aws-robomaker-small-warehouse-world/install/aws_robomaker_small_warehouse_world/share/aws_robomaker_small_warehouse_world/models/aws_robomaker_warehouse_ShelfF_01/materials/textures/aws_robomaker_warehouse_ShelfF_01.png
[12.720s] -- Installing: /home/ambushee/wil_project/aws-robomaker-small-warehouse-world/install/aws_robomaker_small_warehouse_world/share/aws_robomaker_small_warehouse_world/models/aws_robomaker_warehouse_ShelfF_01/materials/textures/aws_robomaker_warehouse_ShelfF_03.png
[12.722s] -- Installing: /home/ambushee/wil_project/aws-robomaker-small-warehouse-world/install/aws_robomaker_small_warehouse_world/share/aws_robomaker_small_warehouse_world/models/aws_robomaker_warehouse_PalletJackB_01
[12.725s] -- Installing: /home/ambushee/wil_project/aws-robomaker-small-warehouse-world/install/aws_robomaker_small_warehouse_world/share/aws_robomaker_small_warehouse_world/models/aws_robomaker_warehouse_PalletJackB_01/model.sdf
[12.726s] -- Installing: /home/ambushee/wil_project/aws-robomaker-small-warehouse-world/install/aws_robomaker_small_warehouse_world/share/aws_robomaker_small_warehouse_world/models/aws_robomaker_warehouse_PalletJackB_01/meshes
[12.731s] -- Installing: /home/ambushee/wil_project/aws-robomaker-small-warehouse-world/install/aws_robomaker_small_warehouse_world/share/aws_robomaker_small_warehouse_world/models/aws_robomaker_warehouse_PalletJackB_01/meshes/aws_robomaker_warehouse_PalletJackB_01_collision.DAE
[12.732s] -- Installing: /home/ambushee/wil_project/aws-robomaker-small-warehouse-world/install/aws_robomaker_small_warehouse_world/share/aws_robomaker_small_warehouse_world/models/aws_robomaker_warehouse_PalletJackB_01/meshes/aws_robomaker_warehouse_PalletJackB_01_visual.DAE
[12.733s] -- Installing: /home/ambushee/wil_project/aws-robomaker-small-warehouse-world/install/aws_robomaker_small_warehouse_world/share/aws_robomaker_small_warehouse_world/models/aws_robomaker_warehouse_PalletJackB_01/model.config
[12.734s] -- Installing: /home/ambushee/wil_project/aws-robomaker-small-warehouse-world/install/aws_robomaker_small_warehouse_world/share/aws_robomaker_small_warehouse_world/models/aws_robomaker_warehouse_PalletJackB_01/materials
[12.742s] -- Installing: /home/ambushee/wil_project/aws-robomaker-small-warehouse-world/install/aws_robomaker_small_warehouse_world/share/aws_robomaker_small_warehouse_world/models/aws_robomaker_warehouse_PalletJackB_01/materials/textures
[12.743s] -- Installing: /home/ambushee/wil_project/aws-robomaker-small-warehouse-world/install/aws_robomaker_small_warehouse_world/share/aws_robomaker_small_warehouse_world/models/aws_robomaker_warehouse_PalletJackB_01/materials/textures/aws_robomaker_warehouse_PalletJackB_02.png
[12.744s] -- Installing: /home/ambushee/wil_project/aws-robomaker-small-warehouse-world/install/aws_robomaker_small_warehouse_world/share/aws_robomaker_small_warehouse_world/models/aws_robomaker_warehouse_PalletJackB_01/materials/textures/aws_robomaker_warehouse_PalletJackB_01.png
[12.744s] -- Installing: /home/ambushee/wil_project/aws-robomaker-small-warehouse-world/install/aws_robomaker_small_warehouse_world/share/aws_robomaker_small_warehouse_world/models/aws_robomaker_warehouse_TrashCanC_01
[12.745s] -- Installing: /home/ambushee/wil_project/aws-robomaker-small-warehouse-world/install/aws_robomaker_small_warehouse_world/share/aws_robomaker_small_warehouse_world/models/aws_robomaker_warehouse_TrashCanC_01/model.sdf
[12.746s] -- Installing: /home/ambushee/wil_project/aws-robomaker-small-warehouse-world/install/aws_robomaker_small_warehouse_world/share/aws_robomaker_small_warehouse_world/models/aws_robomaker_warehouse_TrashCanC_01/meshes
[12.746s] -- Installing: /home/ambushee/wil_project/aws-robomaker-small-warehouse-world/install/aws_robomaker_small_warehouse_world/share/aws_robomaker_small_warehouse_world/models/aws_robomaker_warehouse_TrashCanC_01/meshes/aws_robomaker_warehouse_TrashCanC_01_visual.DAE
[12.748s] -- Installing: /home/ambushee/wil_project/aws-robomaker-small-warehouse-world/install/aws_robomaker_small_warehouse_world/share/aws_robomaker_small_warehouse_world/models/aws_robomaker_warehouse_TrashCanC_01/meshes/aws_robomaker_warehouse_TrashCanC_01_collision.DAE
[12.749s] -- Installing: /home/ambushee/wil_project/aws-robomaker-small-warehouse-world/install/aws_robomaker_small_warehouse_world/share/aws_robomaker_small_warehouse_world/models/aws_robomaker_warehouse_TrashCanC_01/model.config
[12.750s] -- Installing: /home/ambushee/wil_project/aws-robomaker-small-warehouse-world/install/aws_robomaker_small_warehouse_world/share/aws_robomaker_small_warehouse_world/models/aws_robomaker_warehouse_TrashCanC_01/materials
[12.751s] -- Installing: /home/ambushee/wil_project/aws-robomaker-small-warehouse-world/install/aws_robomaker_small_warehouse_world/share/aws_robomaker_small_warehouse_world/models/aws_robomaker_warehouse_TrashCanC_01/materials/textures
[12.752s] -- Installing: /home/ambushee/wil_project/aws-robomaker-small-warehouse-world/install/aws_robomaker_small_warehouse_world/share/aws_robomaker_small_warehouse_world/models/aws_robomaker_warehouse_TrashCanC_01/materials/textures/aws_robomaker_warehouse_TrashCanC_01.png
[12.752s] -- Installing: /home/ambushee/wil_project/aws-robomaker-small-warehouse-world/install/aws_robomaker_small_warehouse_world/share/aws_robomaker_small_warehouse_world/models/aws_robomaker_warehouse_ShelfE_01
[12.754s] -- Installing: /home/ambushee/wil_project/aws-robomaker-small-warehouse-world/install/aws_robomaker_small_warehouse_world/share/aws_robomaker_small_warehouse_world/models/aws_robomaker_warehouse_ShelfE_01/model.sdf
[12.755s] -- Installing: /home/ambushee/wil_project/aws-robomaker-small-warehouse-world/install/aws_robomaker_small_warehouse_world/share/aws_robomaker_small_warehouse_world/models/aws_robomaker_warehouse_ShelfE_01/meshes
[12.758s] -- Installing: /home/ambushee/wil_project/aws-robomaker-small-warehouse-world/install/aws_robomaker_small_warehouse_world/share/aws_robomaker_small_warehouse_world/models/aws_robomaker_warehouse_ShelfE_01/meshes/aws_robomaker_warehouse_ShelfE_01_visual.DAE
[12.759s] -- Installing: /home/ambushee/wil_project/aws-robomaker-small-warehouse-world/install/aws_robomaker_small_warehouse_world/share/aws_robomaker_small_warehouse_world/models/aws_robomaker_warehouse_ShelfE_01/meshes/aws_robomaker_warehouse_ShelfE_01_collision.DAE
[12.760s] -- Installing: /home/ambushee/wil_project/aws-robomaker-small-warehouse-world/install/aws_robomaker_small_warehouse_world/share/aws_robomaker_small_warehouse_world/models/aws_robomaker_warehouse_ShelfE_01/model.config
[12.761s] -- Installing: /home/ambushee/wil_project/aws-robomaker-small-warehouse-world/install/aws_robomaker_small_warehouse_world/share/aws_robomaker_small_warehouse_world/models/aws_robomaker_warehouse_ShelfE_01/materials
[12.762s] -- Installing: /home/ambushee/wil_project/aws-robomaker-small-warehouse-world/install/aws_robomaker_small_warehouse_world/share/aws_robomaker_small_warehouse_world/models/aws_robomaker_warehouse_ShelfE_01/materials/textures
[12.763s] -- Installing: /home/ambushee/wil_project/aws-robomaker-small-warehouse-world/install/aws_robomaker_small_warehouse_world/share/aws_robomaker_small_warehouse_world/models/aws_robomaker_warehouse_ShelfE_01/materials/textures/aws_robomaker_warehouse_ShelfE_02.png
[12.764s] -- Installing: /home/ambushee/wil_project/aws-robomaker-small-warehouse-world/install/aws_robomaker_small_warehouse_world/share/aws_robomaker_small_warehouse_world/models/aws_robomaker_warehouse_ShelfE_01/materials/textures/aws_robomaker_warehouse_ShelfE_04.png
[12.765s] -- Installing: /home/ambushee/wil_project/aws-robomaker-small-warehouse-world/install/aws_robomaker_small_warehouse_world/share/aws_robomaker_small_warehouse_world/models/aws_robomaker_warehouse_ShelfE_01/materials/textures/aws_robomaker_warehouse_ShelfE_01.png
[12.766s] -- Installing: /home/ambushee/wil_project/aws-robomaker-small-warehouse-world/install/aws_robomaker_small_warehouse_world/share/aws_robomaker_small_warehouse_world/models/aws_robomaker_warehouse_ShelfE_01/materials/textures/aws_robomaker_warehouse_ShelfE_03.png
[12.766s] -- Installing: /home/ambushee/wil_project/aws-robomaker-small-warehouse-world/install/aws_robomaker_small_warehouse_world/share/aws_robomaker_small_warehouse_world/worlds
[12.767s] -- Installing: /home/ambushee/wil_project/aws-robomaker-small-warehouse-world/install/aws_robomaker_small_warehouse_world/share/aws_robomaker_small_warehouse_world/worlds/small_warehouse
[12.768s] -- Installing: /home/ambushee/wil_project/aws-robomaker-small-warehouse-world/install/aws_robomaker_small_warehouse_world/share/aws_robomaker_small_warehouse_world/worlds/small_warehouse/small_warehouse.world
[12.769s] -- Installing: /home/ambushee/wil_project/aws-robomaker-small-warehouse-world/install/aws_robomaker_small_warehouse_world/share/aws_robomaker_small_warehouse_world/worlds/no_roof_small_warehouse
[12.769s] -- Installing: /home/ambushee/wil_project/aws-robomaker-small-warehouse-world/install/aws_robomaker_small_warehouse_world/share/aws_robomaker_small_warehouse_world/worlds/no_roof_small_warehouse/no_roof_small_warehouse.world
[12.770s] -- Installing: /home/ambushee/wil_project/aws-robomaker-small-warehouse-world/install/aws_robomaker_small_warehouse_world/share/aws_robomaker_small_warehouse_world/maps
[12.771s] -- Installing: /home/ambushee/wil_project/aws-robomaker-small-warehouse-world/install/aws_robomaker_small_warehouse_world/share/aws_robomaker_small_warehouse_world/maps/002
[12.772s] -- Installing: /home/ambushee/wil_project/aws-robomaker-small-warehouse-world/install/aws_robomaker_small_warehouse_world/share/aws_robomaker_small_warehouse_world/maps/002/map.pgm
[12.783s] -- Installing: /home/ambushee/wil_project/aws-robomaker-small-warehouse-world/install/aws_robomaker_small_warehouse_world/share/aws_robomaker_small_warehouse_world/maps/002/map.yaml
[12.785s] -- Installing: /home/ambushee/wil_project/aws-robomaker-small-warehouse-world/install/aws_robomaker_small_warehouse_world/share/aws_robomaker_small_warehouse_world/maps/005
[12.786s] -- Installing: /home/ambushee/wil_project/aws-robomaker-small-warehouse-world/install/aws_robomaker_small_warehouse_world/share/aws_robomaker_small_warehouse_world/maps/005/map.pgm
[12.791s] -- Installing: /home/ambushee/wil_project/aws-robomaker-small-warehouse-world/install/aws_robomaker_small_warehouse_world/share/aws_robomaker_small_warehouse_world/maps/005/map_rotated.pgm
[12.793s] -- Installing: /home/ambushee/wil_project/aws-robomaker-small-warehouse-world/install/aws_robomaker_small_warehouse_world/share/aws_robomaker_small_warehouse_world/maps/005/map_rotated.png
[12.796s] -- Installing: /home/ambushee/wil_project/aws-robomaker-small-warehouse-world/install/aws_robomaker_small_warehouse_world/share/aws_robomaker_small_warehouse_world/maps/005/map.yaml
[12.800s] -- Installing: /home/ambushee/wil_project/aws-robomaker-small-warehouse-world/install/aws_robomaker_small_warehouse_world/share/aws_robomaker_small_warehouse_world/environment/aws_robomaker_small_warehouse_world.dsv
[12.803s] -- Installing: /home/ambushee/wil_project/aws-robomaker-small-warehouse-world/install/aws_robomaker_small_warehouse_world/share/ament_index/resource_index/package_run_dependencies/aws_robomaker_small_warehouse_world
[12.804s] -- Installing: /home/ambushee/wil_project/aws-robomaker-small-warehouse-world/install/aws_robomaker_small_warehouse_world/share/ament_index/resource_index/parent_prefix_path/aws_robomaker_small_warehouse_world
[12.807s] -- Installing: /home/ambushee/wil_project/aws-robomaker-small-warehouse-world/install/aws_robomaker_small_warehouse_world/share/aws_robomaker_small_warehouse_world/environment/ament_prefix_path.sh
[12.810s] -- Installing: /home/ambushee/wil_project/aws-robomaker-small-warehouse-world/install/aws_robomaker_small_warehouse_world/share/aws_robomaker_small_warehouse_world/environment/ament_prefix_path.dsv
[12.811s] -- Installing: /home/ambushee/wil_project/aws-robomaker-small-warehouse-world/install/aws_robomaker_small_warehouse_world/share/aws_robomaker_small_warehouse_world/environment/path.sh
[12.813s] -- Installing: /home/ambushee/wil_project/aws-robomaker-small-warehouse-world/install/aws_robomaker_small_warehouse_world/share/aws_robomaker_small_warehouse_world/environment/path.dsv
[12.813s] -- Installing: /home/ambushee/wil_project/aws-robomaker-small-warehouse-world/install/aws_robomaker_small_warehouse_world/share/aws_robomaker_small_warehouse_world/local_setup.bash
[12.814s] -- Installing: /home/ambushee/wil_project/aws-robomaker-small-warehouse-world/install/aws_robomaker_small_warehouse_world/share/aws_robomaker_small_warehouse_world/local_setup.sh
[12.815s] -- Installing: /home/ambushee/wil_project/aws-robomaker-small-warehouse-world/install/aws_robomaker_small_warehouse_world/share/aws_robomaker_small_warehouse_world/local_setup.zsh
[12.816s] -- Installing: /home/ambushee/wil_project/aws-robomaker-small-warehouse-world/install/aws_robomaker_small_warehouse_world/share/aws_robomaker_small_warehouse_world/local_setup.dsv
[12.817s] -- Installing: /home/ambushee/wil_project/aws-robomaker-small-warehouse-world/install/aws_robomaker_small_warehouse_world/share/aws_robomaker_small_warehouse_world/package.dsv
[12.817s] -- Installing: /home/ambushee/wil_project/aws-robomaker-small-warehouse-world/install/aws_robomaker_small_warehouse_world/share/ament_index/resource_index/packages/aws_robomaker_small_warehouse_world
[12.818s] -- Installing: /home/ambushee/wil_project/aws-robomaker-small-warehouse-world/install/aws_robomaker_small_warehouse_world/share/aws_robomaker_small_warehouse_world/cmake/ament_cmake_export_dependencies-extras.cmake
[12.819s] -- Installing: /home/ambushee/wil_project/aws-robomaker-small-warehouse-world/install/aws_robomaker_small_warehouse_world/share/aws_robomaker_small_warehouse_world/cmake/aws_robomaker_small_warehouse_worldConfig.cmake
[12.820s] -- Installing: /home/ambushee/wil_project/aws-robomaker-small-warehouse-world/install/aws_robomaker_small_warehouse_world/share/aws_robomaker_small_warehouse_world/cmake/aws_robomaker_small_warehouse_worldConfig-version.cmake
[12.820s] -- Installing: /home/ambushee/wil_project/aws-robomaker-small-warehouse-world/install/aws_robomaker_small_warehouse_world/share/aws_robomaker_small_warehouse_world/package.xml
[12.835s] Invoked command in '/home/ambushee/wil_project/aws-robomaker-small-warehouse-world/build/aws_robomaker_small_warehouse_world' returned '0': CMAKE_PREFIX_PATH=${CMAKE_PREFIX_PATH}:/home/ambushee/wil_project/install/realsense_imu:/opt/ros/humble /usr/bin/cmake --install /home/ambushee/wil_project/aws-robomaker-small-warehouse-world/build/aws_robomaker_small_warehouse_world
